Archive member included to satisfy reference by file (symbol)

C:/ST/STM32CubeIDE_1.13.1/STM32CubeIDE/plugins/com.st.stm32cube.ide.mcu.externaltools.gnu-tools-for-stm32.11.3.rel1.win32_1.1.0.202305231506/tools/bin/../lib/gcc/arm-none-eabi/11.3.1/../../../../arm-none-eabi/lib/thumb/v7e-m+fp/hard\libc_nano.a(libc_a-exit.o)
                              C:/ST/STM32CubeIDE_1.13.1/STM32CubeIDE/plugins/com.st.stm32cube.ide.mcu.externaltools.gnu-tools-for-stm32.11.3.rel1.win32_1.1.0.202305231506/tools/bin/../lib/gcc/arm-none-eabi/11.3.1/../../../../arm-none-eabi/lib/thumb/v7e-m+fp/hard/crt0.o (exit)
C:/ST/STM32CubeIDE_1.13.1/STM32CubeIDE/plugins/com.st.stm32cube.ide.mcu.externaltools.gnu-tools-for-stm32.11.3.rel1.win32_1.1.0.202305231506/tools/bin/../lib/gcc/arm-none-eabi/11.3.1/../../../../arm-none-eabi/lib/thumb/v7e-m+fp/hard\libc_nano.a(libc_a-fflush.o)
                              ./Supporting_Functions/Src/supporting_Functions.o (fflush)
C:/ST/STM32CubeIDE_1.13.1/STM32CubeIDE/plugins/com.st.stm32cube.ide.mcu.externaltools.gnu-tools-for-stm32.11.3.rel1.win32_1.1.0.202305231506/tools/bin/../lib/gcc/arm-none-eabi/11.3.1/../../../../arm-none-eabi/lib/thumb/v7e-m+fp/hard\libc_nano.a(libc_a-findfp.o)
                              C:/ST/STM32CubeIDE_1.13.1/STM32CubeIDE/plugins/com.st.stm32cube.ide.mcu.externaltools.gnu-tools-for-stm32.11.3.rel1.win32_1.1.0.202305231506/tools/bin/../lib/gcc/arm-none-eabi/11.3.1/../../../../arm-none-eabi/lib/thumb/v7e-m+fp/hard\libc_nano.a(libc_a-fflush.o) (__sinit)
C:/ST/STM32CubeIDE_1.13.1/STM32CubeIDE/plugins/com.st.stm32cube.ide.mcu.externaltools.gnu-tools-for-stm32.11.3.rel1.win32_1.1.0.202305231506/tools/bin/../lib/gcc/arm-none-eabi/11.3.1/../../../../arm-none-eabi/lib/thumb/v7e-m+fp/hard\libc_nano.a(libc_a-fwalk.o)
                              C:/ST/STM32CubeIDE_1.13.1/STM32CubeIDE/plugins/com.st.stm32cube.ide.mcu.externaltools.gnu-tools-for-stm32.11.3.rel1.win32_1.1.0.202305231506/tools/bin/../lib/gcc/arm-none-eabi/11.3.1/../../../../arm-none-eabi/lib/thumb/v7e-m+fp/hard\libc_nano.a(libc_a-fflush.o) (_fwalk_sglue)
C:/ST/STM32CubeIDE_1.13.1/STM32CubeIDE/plugins/com.st.stm32cube.ide.mcu.externaltools.gnu-tools-for-stm32.11.3.rel1.win32_1.1.0.202305231506/tools/bin/../lib/gcc/arm-none-eabi/11.3.1/../../../../arm-none-eabi/lib/thumb/v7e-m+fp/hard\libc_nano.a(libc_a-printf.o)
                              ./Supporting_Functions/Src/supporting_Functions.o (printf)
C:/ST/STM32CubeIDE_1.13.1/STM32CubeIDE/plugins/com.st.stm32cube.ide.mcu.externaltools.gnu-tools-for-stm32.11.3.rel1.win32_1.1.0.202305231506/tools/bin/../lib/gcc/arm-none-eabi/11.3.1/../../../../arm-none-eabi/lib/thumb/v7e-m+fp/hard\libc_nano.a(libc_a-sprintf.o)
                              ./Middlewares/Third_Party/FreeRTOS/Source/tasks.o (sprintf)
C:/ST/STM32CubeIDE_1.13.1/STM32CubeIDE/plugins/com.st.stm32cube.ide.mcu.externaltools.gnu-tools-for-stm32.11.3.rel1.win32_1.1.0.202305231506/tools/bin/../lib/gcc/arm-none-eabi/11.3.1/../../../../arm-none-eabi/lib/thumb/v7e-m+fp/hard\libc_nano.a(libc_a-stdio.o)
                              C:/ST/STM32CubeIDE_1.13.1/STM32CubeIDE/plugins/com.st.stm32cube.ide.mcu.externaltools.gnu-tools-for-stm32.11.3.rel1.win32_1.1.0.202305231506/tools/bin/../lib/gcc/arm-none-eabi/11.3.1/../../../../arm-none-eabi/lib/thumb/v7e-m+fp/hard\libc_nano.a(libc_a-findfp.o) (__sread)
C:/ST/STM32CubeIDE_1.13.1/STM32CubeIDE/plugins/com.st.stm32cube.ide.mcu.externaltools.gnu-tools-for-stm32.11.3.rel1.win32_1.1.0.202305231506/tools/bin/../lib/gcc/arm-none-eabi/11.3.1/../../../../arm-none-eabi/lib/thumb/v7e-m+fp/hard\libc_nano.a(libc_a-memset.o)
                              C:/ST/STM32CubeIDE_1.13.1/STM32CubeIDE/plugins/com.st.stm32cube.ide.mcu.externaltools.gnu-tools-for-stm32.11.3.rel1.win32_1.1.0.202305231506/tools/bin/../lib/gcc/arm-none-eabi/11.3.1/../../../../arm-none-eabi/lib/thumb/v7e-m+fp/hard/crt0.o (memset)
C:/ST/STM32CubeIDE_1.13.1/STM32CubeIDE/plugins/com.st.stm32cube.ide.mcu.externaltools.gnu-tools-for-stm32.11.3.rel1.win32_1.1.0.202305231506/tools/bin/../lib/gcc/arm-none-eabi/11.3.1/../../../../arm-none-eabi/lib/thumb/v7e-m+fp/hard\libc_nano.a(libc_a-closer.o)
                              C:/ST/STM32CubeIDE_1.13.1/STM32CubeIDE/plugins/com.st.stm32cube.ide.mcu.externaltools.gnu-tools-for-stm32.11.3.rel1.win32_1.1.0.202305231506/tools/bin/../lib/gcc/arm-none-eabi/11.3.1/../../../../arm-none-eabi/lib/thumb/v7e-m+fp/hard\libc_nano.a(libc_a-stdio.o) (_close_r)
C:/ST/STM32CubeIDE_1.13.1/STM32CubeIDE/plugins/com.st.stm32cube.ide.mcu.externaltools.gnu-tools-for-stm32.11.3.rel1.win32_1.1.0.202305231506/tools/bin/../lib/gcc/arm-none-eabi/11.3.1/../../../../arm-none-eabi/lib/thumb/v7e-m+fp/hard\libc_nano.a(libc_a-reent.o)
                              ./Middlewares/Third_Party/FreeRTOS/Source/tasks.o (_reclaim_reent)
[...]
Memory Configuration

Name             Origin             Length             Attributes
RAM              0x0000000020000000 0x0000000000020000 xrw
FLASH            0x0000000008000000 0x0000000000080000 xr
*default*        0x0000000000000000 0xffffffffffffffff

Linker script and memory map

LOAD C:/ST/STM32CubeIDE_1.13.1/STM32CubeIDE/plugins/com.st.stm32cube.ide.mcu.externaltools.gnu-tools-for-stm32.11.3.rel1.win32_1.1.0.202305231506/tools/bin/../lib/gcc/arm-none-eabi/11.3.1/thumb/v7e-m+fp/hard/crti.o
LOAD C:/ST/STM32CubeIDE_1.13.1/STM32CubeIDE/plugins/com.st.stm32cube.ide.mcu.externaltools.gnu-tools-for-stm32.11.3.rel1.win32_1.1.0.202305231506/tools/bin/../lib/gcc/arm-none-eabi/11.3.1/thumb/v7e-m+fp/hard/crtbegin.o
LOAD C:/ST/STM32CubeIDE_1.13.1/STM32CubeIDE/plugins/com.st.stm32cube.ide.mcu.externaltools.gnu-tools-for-stm32.11.3.rel1.win32_1.1.0.202305231506/tools/bin/../lib/gcc/arm-none-eabi/11.3.1/../../../../arm-none-eabi/lib/thumb/v7e-m+fp/hard/crt0.o
LOAD ./App/Src/app.o
LOAD ./App/Src/task_A.o
LOAD ./App/Src/task_B.o
LOAD ./App/Src/task_Test.o
LOAD ./Core/Src/freertos.o
LOAD ./Core/Src/main.o
LOAD ./Core/Src/stm32f4xx_hal_msp.o
LOAD ./Core/Src/stm32f4xx_hal_timebase_tim.o
LOAD ./Core/Src/stm32f4xx_it.o
LOAD ./Core/Src/syscalls.o
LOAD ./Core/Src/sysmem.o
LOAD ./Core/Src/system_stm32f4xx.o
LOAD ./Core/Startup/startup_stm32f446retx.o
LOAD ./Drivers/STM32F4xx_HAL_Driver/Src/stm32f4xx_hal.o
LOAD ./Drivers/STM32F4xx_HAL_Driver/Src/stm32f4xx_hal_cortex.o
LOAD ./Drivers/STM32F4xx_HAL_Driver/Src/stm32f4xx_hal_dma.o
LOAD ./Drivers/STM32F4xx_HAL_Driver/Src/stm32f4xx_hal_dma_ex.o
LOAD ./Drivers/STM32F4xx_HAL_Driver/Src/stm32f4xx_hal_exti.o
LOAD ./Drivers/STM32F4xx_HAL_Driver/Src/stm32f4xx_hal_flash.o
LOAD ./Drivers/STM32F4xx_HAL_Driver/Src/stm32f4xx_hal_flash_ex.o
LOAD ./Drivers/STM32F4xx_HAL_Driver/Src/stm32f4xx_hal_flash_ramfunc.o
LOAD ./Drivers/STM32F4xx_HAL_Driver/Src/stm32f4xx_hal_gpio.o
LOAD ./Drivers/STM32F4xx_HAL_Driver/Src/stm32f4xx_hal_pwr.o
LOAD ./Drivers/STM32F4xx_HAL_Driver/Src/stm32f4xx_hal_pwr_ex.o
LOAD ./Drivers/STM32F4xx_HAL_Driver/Src/stm32f4xx_hal_rcc.o
LOAD ./Drivers/STM32F4xx_HAL_Driver/Src/stm32f4xx_hal_rcc_ex.o
LOAD ./Drivers/STM32F4xx_HAL_Driver/Src/stm32f4xx_hal_tim.o
LOAD ./Drivers/STM32F4xx_HAL_Driver/Src/stm32f4xx_hal_tim_ex.o
LOAD ./Drivers/STM32F4xx_HAL_Driver/Src/stm32f4xx_hal_uart.o
LOAD ./Middlewares/Third_Party/FreeRTOS/Source/CMSIS_RTOS/cmsis_os.o
LOAD ./Middlewares/Third_Party/FreeRTOS/Source/croutine.o
LOAD ./Middlewares/Third_Party/FreeRTOS/Source/event_groups.o
LOAD ./Middlewares/Third_Party/FreeRTOS/Source/list.o
LOAD ./Middlewares/Third_Party/FreeRTOS/Source/queue.o
LOAD ./Middlewares/Third_Party/FreeRTOS/Source/stream_buffer.o
LOAD ./Middlewares/Third_Party/FreeRTOS/Source/tasks.o
LOAD ./Middlewares/Third_Party/FreeRTOS/Source/timers.o
LOAD ./Middlewares/Third_Party/FreeRTOS/Source/portable/GCC/ARM_CM4F/port.o
LOAD ./Middlewares/Third_Party/FreeRTOS/Source/portable/MemMang/heap_4.o
LOAD ./Supporting_Functions/Src/supporting_Functions.o
START GROUP
LOAD C:/ST/STM32CubeIDE_1.13.1/STM32CubeIDE/plugins/com.st.stm32cube.ide.mcu.externaltools.gnu-tools-for-stm32.11.3.rel1.win32_1.1.0.202305231506/tools/bin/../lib/gcc/arm-none-eabi/11.3.1/../../../../arm-none-eabi/lib/thumb/v7e-m+fp/hard\libc_nano.a
LOAD C:/ST/STM32CubeIDE_1.13.1/STM32CubeIDE/plugins/com.st.stm32cube.ide.mcu.externaltools.gnu-tools-for-stm32.11.3.rel1.win32_1.1.0.202305231506/tools/bin/../lib/gcc/arm-none-eabi/11.3.1/../../../../arm-none-eabi/lib/thumb/v7e-m+fp/hard\libm.a
END GROUP
START GROUP
LOAD C:/ST/STM32CubeIDE_1.13.1/STM32CubeIDE/plugins/com.st.stm32cube.ide.mcu.externaltools.gnu-tools-for-stm32.11.3.rel1.win32_1.1.0.202305231506/tools/bin/../lib/gcc/arm-none-eabi/11.3.1/thumb/v7e-m+fp/hard\libgcc.a
LOAD C:/ST/STM32CubeIDE_1.13.1/STM32CubeIDE/plugins/com.st.stm32cube.ide.mcu.externaltools.gnu-tools-for-stm32.11.3.rel1.win32_1.1.0.202305231506/tools/bin/../lib/gcc/arm-none-eabi/11.3.1/../../../../arm-none-eabi/lib/thumb/v7e-m+fp/hard\libc_nano.a
END GROUP
START GROUP
LOAD C:/ST/STM32CubeIDE_1.13.1/STM32CubeIDE/plugins/com.st.stm32cube.ide.mcu.externaltools.gnu-tools-for-stm32.11.3.rel1.win32_1.1.0.202305231506/tools/bin/../lib/gcc/arm-none-eabi/11.3.1/thumb/v7e-m+fp/hard\libgcc.a
LOAD C:/ST/STM32CubeIDE_1.13.1/STM32CubeIDE/plugins/com.st.stm32cube.ide.mcu.externaltools.gnu-tools-for-stm32.11.3.rel1.win32_1.1.0.202305231506/tools/bin/../lib/gcc/arm-none-eabi/11.3.1/../../../../arm-none-eabi/lib/thumb/v7e-m+fp/hard\libc_nano.a
LOAD C:/ST/STM32CubeIDE_1.13.1/STM32CubeIDE/plugins/com.st.stm32cube.ide.mcu.externaltools.gnu-tools-for-stm32.11.3.rel1.win32_1.1.0.202305231506/tools/bin/../lib/gcc/arm-none-eabi/11.3.1/../../../../arm-none-eabi/lib/thumb/v7e-m+fp/hard\libnosys.a
END GROUP
START GROUP
LOAD C:/ST/STM32CubeIDE_1.13.1/STM32CubeIDE/plugins/com.st.stm32cube.ide.mcu.externaltools.gnu-tools-for-stm32.11.3.rel1.win32_1.1.0.202305231506/tools/bin/../lib/gcc/arm-none-eabi/11.3.1/thumb/v7e-m+fp/hard\libgcc.a
LOAD C:/ST/STM32CubeIDE_1.13.1/STM32CubeIDE/plugins/com.st.stm32cube.ide.mcu.externaltools.gnu-tools-for-stm32.11.3.rel1.win32_1.1.0.202305231506/tools/bin/../lib/gcc/arm-none-eabi/11.3.1/../../../../arm-none-eabi/lib/thumb/v7e-m+fp/hard\libc_nano.a
LOAD C:/ST/STM32CubeIDE_1.13.1/STM32CubeIDE/plugins/com.st.stm32cube.ide.mcu.externaltools.gnu-tools-for-stm32.11.3.rel1.win32_1.1.0.202305231506/tools/bin/../lib/gcc/arm-none-eabi/11.3.1/../../../../arm-none-eabi/lib/thumb/v7e-m+fp/hard\libnosys.a
END GROUP
LOAD C:/ST/STM32CubeIDE_1.13.1/STM32CubeIDE/plugins/com.st.stm32cube.ide.mcu.externaltools.gnu-tools-for-stm32.11.3.rel1.win32_1.1.0.202305231506/tools/bin/../lib/gcc/arm-none-eabi/11.3.1/thumb/v7e-m+fp/hard/crtend.o
LOAD C:/ST/STM32CubeIDE_1.13.1/STM32CubeIDE/plugins/com.st.stm32cube.ide.mcu.externaltools.gnu-tools-for-stm32.11.3.rel1.win32_1.1.0.202305231506/tools/bin/../lib/gcc/arm-none-eabi/11.3.1/thumb/v7e-m+fp/hard/crtn.o
                0x0000000020020000                _estack = (ORIGIN (RAM) + LENGTH (RAM))
                0x0000000000000200                _Min_Heap_Size = 0x200
                0x0000000000000400                _Min_Stack_Size = 0x400

.isr_vector     0x0000000008000000      0x1c4
                0x0000000008000000                . = ALIGN (0x4)
 *(.isr_vector)
 .isr_vector    0x0000000008000000      0x1c4 ./Core/Startup/startup_stm32f446retx.o
                0x0000000008000000                g_pfnVectors
                0x00000000080001c4                . = ALIGN (0x4)

.text           0x00000000080001d0     0x6a2c
                0x00000000080001d0                . = ALIGN (0x4)
 *(.text)
 .text          0x00000000080001d0       0x40 C:/ST/STM32CubeIDE_1.13.1/STM32CubeIDE/plugins/com.st.stm32cube.ide.mcu.externaltools.gnu-tools-for-stm32.11.3.rel1.win32_1.1.0.202305231506/tools/bin/../lib/gcc/arm-none-eabi/11.3.1/thumb/v7e-m+fp/hard/crtbegin.o
 .text          0x0000000008000210       0xa0 C:/ST/STM32CubeIDE_1.13.1/STM32CubeIDE/plugins/com.st.stm32cube.ide.mcu.externaltools.gnu-tools-for-stm32.11.3.rel1.win32_1.1.0.202305231506/tools/bin/../lib/gcc/arm-none-eabi/11.3.1/../../../../arm-none-eabi/lib/thumb/v7e-m+fp/hard\libc_nano.a(libc_a-memchr.o)
                0x0000000008000210                memchr
 .text          0x00000000080002b0       0x30 C:/ST/STM32CubeIDE_1.13.1/STM32CubeIDE/plugins/com.st.stm32cube.ide.mcu.externaltools.gnu-tools-for-stm32.11.3.rel1.win32_1.1.0.202305231506/tools/bin/../lib/gcc/arm-none-eabi/11.3.1/thumb/v7e-m+fp/hard\libgcc.a(_aeabi_uldivmod.o)
                0x00000000080002b0                __aeabi_uldivmod
 .text          0x00000000080002e0      0x2c8 C:/ST/STM32CubeIDE_1.13.1/STM32CubeIDE/plugins/com.st.stm32cube.ide.mcu.externaltools.gnu-tools-for-stm32.11.3.rel1.win32_1.1.0.202305231506/tools/bin/../lib/gcc/arm-none-eabi/11.3.1/thumb/v7e-m+fp/hard\libgcc.a(_udivmoddi4.o)
                0x00000000080002e0                __udivmoddi4
 .text          0x00000000080005a8        0x4 C:/ST/STM32CubeIDE_1.13.1/STM32CubeIDE/plugins/com.st.stm32cube.ide.mcu.externaltools.gnu-tools-for-stm32.11.3.rel1.win32_1.1.0.202305231506/tools/bin/../lib/gcc/arm-none-eabi/11.3.1/thumb/v7e-m+fp/hard\libgcc.a(_dvmd_tls.o)
                0x00000000080005a8                __aeabi_idiv0
                0x00000000080005a8                __aeabi_ldiv0
 *(.text*)
 .text.appInit  0x00000000080005ac      0x264 ./App/Src/app.o
                0x00000000080005ac                appInit
 .text.vTask_A  0x0000000008000810       0xfc ./App/Src/task_A.o
                0x0000000008000810                vTask_A
 .text.vTask_B  0x000000000800090c       0xe8 ./App/Src/task_B.o
                0x000000000800090c                vTask_B
 .text.vTask_Test
                0x00000000080009f4      0x124 ./App/Src/task_Test.o
                0x00000000080009f4                vTask_Test
 .text.vApplicationGetIdleTaskMemory
                0x0000000008000b18       0x34 ./Core/Src/freertos.o
                0x0000000008000b18                vApplicationGetIdleTaskMemory
 .text.main     0x0000000008000b4c       0x58 ./Core/Src/main.o
                0x0000000008000b4c                main
 .text.SystemClock_Config
                0x0000000008000ba4       0xdc ./Core/Src/main.o
                0x0000000008000ba4                SystemClock_Config
 .text.MX_TIM2_Init
                0x0000000008000c80       0x98 ./Core/Src/main.o
 .text.MX_USART2_UART_Init
                0x0000000008000d18       0x54 ./Core/Src/main.o
 .text.MX_GPIO_Init
                0x0000000008000d6c       0xdc ./Core/Src/main.o
 .text.configureTimerForRunTimeStats
                0x0000000008000e48       0x18 ./Core/Src/main.o
                0x0000000008000e48                configureTimerForRunTimeStats
 .text.getRunTimeCounterValue
                0x0000000008000e60       0x18 ./Core/Src/main.o
                0x0000000008000e60                getRunTimeCounterValue
 .text.StartDefaultTask
                0x0000000008000e78       0x12 ./Core/Src/main.o
                0x0000000008000e78                StartDefaultTask
 *fill*         0x0000000008000e8a        0x2 
 .text.HAL_TIM_PeriodElapsedCallback
                0x0000000008000e8c       0x3c ./Core/Src/main.o
                0x0000000008000e8c                HAL_TIM_PeriodElapsedCallback
 .text.Error_Handler
                0x0000000008000ec8        0xa ./Core/Src/main.o
                0x0000000008000ec8                Error_Handler
 *fill*         0x0000000008000ed2        0x2 
 .text.HAL_MspInit
                0x0000000008000ed4       0x58 ./Core/Src/stm32f4xx_hal_msp.o
                0x0000000008000ed4                HAL_MspInit
 .text.HAL_TIM_Base_MspInit
                0x0000000008000f2c       0x4c ./Core/Src/stm32f4xx_hal_msp.o
                0x0000000008000f2c                HAL_TIM_Base_MspInit
 .text.HAL_UART_MspInit
                0x0000000008000f78       0x90 ./Core/Src/stm32f4xx_hal_msp.o
                0x0000000008000f78                HAL_UART_MspInit
 .text.HAL_InitTick
                0x0000000008001008       0xe4 ./Core/Src/stm32f4xx_hal_timebase_tim.o
                0x0000000008001008                HAL_InitTick
 .text.NMI_Handler
                0x00000000080010ec        0x6 ./Core/Src/stm32f4xx_it.o
                0x00000000080010ec                NMI_Handler
 .text.HardFault_Handler
                0x00000000080010f2        0x6 ./Core/Src/stm32f4xx_it.o
                0x00000000080010f2                HardFault_Handler
 .text.MemManage_Handler
                0x00000000080010f8        0x6 ./Core/Src/stm32f4xx_it.o
                0x00000000080010f8                MemManage_Handler
 .text.BusFault_Handler
                0x00000000080010fe        0x6 ./Core/Src/stm32f4xx_it.o
                0x00000000080010fe                BusFault_Handler
 .text.UsageFault_Handler
                0x0000000008001104        0x6 ./Core/Src/stm32f4xx_it.o
                0x0000000008001104                UsageFault_Handler
 .text.DebugMon_Handler
                0x000000000800110a        0xe ./Core/Src/stm32f4xx_it.o
                0x000000000800110a                DebugMon_Handler
 .text.TIM1_UP_TIM10_IRQHandler
                0x0000000008001118       0x14 ./Core/Src/stm32f4xx_it.o
                0x0000000008001118                TIM1_UP_TIM10_IRQHandler
 .text.TIM2_IRQHandler
                0x000000000800112c       0x14 ./Core/Src/stm32f4xx_it.o
                0x000000000800112c                TIM2_IRQHandler
 .text._read    0x0000000008001140       0x3a ./Core/Src/syscalls.o
                0x0000000008001140                _read
 .text._write   0x000000000800117a       0x38 ./Core/Src/syscalls.o
                0x000000000800117a                _write
 .text._close   0x00000000080011b2       0x18 ./Core/Src/syscalls.o
                0x00000000080011b2                _close
 .text._fstat   0x00000000080011ca       0x20 ./Core/Src/syscalls.o
                0x00000000080011ca                _fstat
 .text._isatty  0x00000000080011ea       0x16 ./Core/Src/syscalls.o
                0x00000000080011ea                _isatty
 .text._lseek   0x0000000008001200       0x1a ./Core/Src/syscalls.o
                0x0000000008001200                _lseek
 *fill*         0x000000000800121a        0x2 
 .text._sbrk    0x000000000800121c       0x6c ./Core/Src/sysmem.o
                0x000000000800121c                _sbrk
 .text.SystemInit
                0x0000000008001288       0x24 ./Core/Src/system_stm32f4xx.o
                0x0000000008001288                SystemInit
 .text.Reset_Handler
                0x00000000080012ac       0x50 ./Core/Startup/startup_stm32f446retx.o
                0x00000000080012ac                Reset_Handler
 .text.Default_Handler
                0x00000000080012fc        0x2 ./Core/Startup/startup_stm32f446retx.o
                0x00000000080012fc                RTC_Alarm_IRQHandler
                0x00000000080012fc                EXTI2_IRQHandler
                0x00000000080012fc                TIM8_CC_IRQHandler
                0x00000000080012fc                FMPI2C1_EV_IRQHandler
                0x00000000080012fc                SPI4_IRQHandler
                0x00000000080012fc                TIM1_CC_IRQHandler
                0x00000000080012fc                DMA2_Stream5_IRQHandler
                0x00000000080012fc                DMA1_Stream5_IRQHandler
                0x00000000080012fc                PVD_IRQHandler
                0x00000000080012fc                SDIO_IRQHandler
                0x00000000080012fc                TAMP_STAMP_IRQHandler
                0x00000000080012fc                CAN2_RX1_IRQHandler
                0x00000000080012fc                EXTI3_IRQHandler
                0x00000000080012fc                TIM8_TRG_COM_TIM14_IRQHandler
                0x00000000080012fc                TIM8_UP_TIM13_IRQHandler
                0x00000000080012fc                I2C3_ER_IRQHandler
                0x00000000080012fc                EXTI0_IRQHandler
                0x00000000080012fc                I2C2_EV_IRQHandler
                0x00000000080012fc                DMA1_Stream2_IRQHandler
                0x00000000080012fc                CAN1_RX0_IRQHandler
                0x00000000080012fc                FPU_IRQHandler
                0x00000000080012fc                OTG_HS_WKUP_IRQHandler
                0x00000000080012fc                CAN2_SCE_IRQHandler
                0x00000000080012fc                DMA2_Stream2_IRQHandler
                0x00000000080012fc                SPI1_IRQHandler
                0x00000000080012fc                TIM6_DAC_IRQHandler
                0x00000000080012fc                TIM1_BRK_TIM9_IRQHandler
                0x00000000080012fc                DCMI_IRQHandler
                0x00000000080012fc                CAN2_RX0_IRQHandler
                0x00000000080012fc                DMA2_Stream3_IRQHandler
                0x00000000080012fc                SAI2_IRQHandler
                0x00000000080012fc                USART6_IRQHandler
                0x00000000080012fc                USART3_IRQHandler
                0x00000000080012fc                CAN1_RX1_IRQHandler
                0x00000000080012fc                UART5_IRQHandler
                0x00000000080012fc                DMA2_Stream0_IRQHandler
                0x00000000080012fc                TIM4_IRQHandler
                0x00000000080012fc                QUADSPI_IRQHandler
                0x00000000080012fc                I2C1_EV_IRQHandler
                0x00000000080012fc                DMA1_Stream6_IRQHandler
                0x00000000080012fc                DMA1_Stream1_IRQHandler
                0x00000000080012fc                UART4_IRQHandler
                0x00000000080012fc                TIM3_IRQHandler
                0x00000000080012fc                RCC_IRQHandler
                0x00000000080012fc                TIM8_BRK_TIM12_IRQHandler
                0x00000000080012fc                Default_Handler
                0x00000000080012fc                CEC_IRQHandler
                0x00000000080012fc                EXTI15_10_IRQHandler
                0x00000000080012fc                ADC_IRQHandler
                0x00000000080012fc                DMA1_Stream7_IRQHandler
                0x00000000080012fc                TIM7_IRQHandler
                0x00000000080012fc                CAN2_TX_IRQHandler
                0x00000000080012fc                TIM5_IRQHandler
                0x00000000080012fc                DMA2_Stream7_IRQHandler
                0x00000000080012fc                I2C3_EV_IRQHandler
                0x00000000080012fc                EXTI9_5_IRQHandler
                0x00000000080012fc                RTC_WKUP_IRQHandler
                0x00000000080012fc                SPDIF_RX_IRQHandler
                0x00000000080012fc                SPI2_IRQHandler
                0x00000000080012fc                OTG_HS_EP1_IN_IRQHandler
                0x00000000080012fc                DMA1_Stream0_IRQHandler
                0x00000000080012fc                CAN1_TX_IRQHandler
                0x00000000080012fc                FMPI2C1_ER_IRQHandler
                0x00000000080012fc                EXTI4_IRQHandler
                0x00000000080012fc                OTG_HS_EP1_OUT_IRQHandler
                0x00000000080012fc                WWDG_IRQHandler
                0x00000000080012fc                OTG_FS_WKUP_IRQHandler
                0x00000000080012fc                TIM1_TRG_COM_TIM11_IRQHandler
                0x00000000080012fc                OTG_HS_IRQHandler
                0x00000000080012fc                EXTI1_IRQHandler
                0x00000000080012fc                USART2_IRQHandler
                0x00000000080012fc                I2C2_ER_IRQHandler
                0x00000000080012fc                DMA2_Stream1_IRQHandler
                0x00000000080012fc                CAN1_SCE_IRQHandler
                0x00000000080012fc                FLASH_IRQHandler
                0x00000000080012fc                DMA2_Stream4_IRQHandler
                0x00000000080012fc                USART1_IRQHandler
                0x00000000080012fc                OTG_FS_IRQHandler
                0x00000000080012fc                SPI3_IRQHandler
                0x00000000080012fc                DMA1_Stream4_IRQHandler
                0x00000000080012fc                I2C1_ER_IRQHandler
                0x00000000080012fc                FMC_IRQHandler
                0x00000000080012fc                DMA2_Stream6_IRQHandler
                0x00000000080012fc                SAI1_IRQHandler
                0x00000000080012fc                DMA1_Stream3_IRQHandler
 *fill*         0x00000000080012fe        0x2 
 .text.HAL_Init
                0x0000000008001300       0x44 ./Drivers/STM32F4xx_HAL_Driver/Src/stm32f4xx_hal.o
                0x0000000008001300                HAL_Init
 .text.HAL_IncTick
                0x0000000008001344       0x28 ./Drivers/STM32F4xx_HAL_Driver/Src/stm32f4xx_hal.o
                0x0000000008001344                HAL_IncTick
 .text.HAL_GetTick
                0x000000000800136c       0x18 ./Drivers/STM32F4xx_HAL_Driver/Src/stm32f4xx_hal.o
                0x000000000800136c                HAL_GetTick
 .text.__NVIC_SetPriorityGrouping
                0x0000000008001384       0x48 ./Drivers/STM32F4xx_HAL_Driver/Src/stm32f4xx_hal_cortex.o
 .text.__NVIC_GetPriorityGrouping
                0x00000000080013cc       0x1c ./Drivers/STM32F4xx_HAL_Driver/Src/stm32f4xx_hal_cortex.o
 .text.__NVIC_EnableIRQ
                0x00000000080013e8       0x3c ./Drivers/STM32F4xx_HAL_Driver/Src/stm32f4xx_hal_cortex.o
 .text.__NVIC_SetPriority
                0x0000000008001424       0x54 ./Drivers/STM32F4xx_HAL_Driver/Src/stm32f4xx_hal_cortex.o
 .text.NVIC_EncodePriority
                0x0000000008001478       0x66 ./Drivers/STM32F4xx_HAL_Driver/Src/stm32f4xx_hal_cortex.o
 .text.HAL_NVIC_SetPriorityGrouping
                0x00000000080014de       0x16 ./Drivers/STM32F4xx_HAL_Driver/Src/stm32f4xx_hal_cortex.o
                0x00000000080014de                HAL_NVIC_SetPriorityGrouping
 .text.HAL_NVIC_SetPriority
                0x00000000080014f4       0x38 ./Drivers/STM32F4xx_HAL_Driver/Src/stm32f4xx_hal_cortex.o
                0x00000000080014f4                HAL_NVIC_SetPriority
 .text.HAL_NVIC_EnableIRQ
                0x000000000800152c       0x1c ./Drivers/STM32F4xx_HAL_Driver/Src/stm32f4xx_hal_cortex.o
                0x000000000800152c                HAL_NVIC_EnableIRQ
 .text.HAL_GPIO_Init
                0x0000000008001548      0x328 ./Drivers/STM32F4xx_HAL_Driver/Src/stm32f4xx_hal_gpio.o
                0x0000000008001548                HAL_GPIO_Init
 .text.HAL_GPIO_WritePin
                0x0000000008001870       0x32 ./Drivers/STM32F4xx_HAL_Driver/Src/stm32f4xx_hal_gpio.o
                0x0000000008001870                HAL_GPIO_WritePin
 *fill*         0x00000000080018a2        0x2 
 .text.HAL_RCC_ClockConfig
                0x00000000080018a4      0x1cc ./Drivers/STM32F4xx_HAL_Driver/Src/stm32f4xx_hal_rcc.o
                0x00000000080018a4                HAL_RCC_ClockConfig
 .text.HAL_RCC_GetHCLKFreq
                0x0000000008001a70       0x18 ./Drivers/STM32F4xx_HAL_Driver/Src/stm32f4xx_hal_rcc.o
                0x0000000008001a70                HAL_RCC_GetHCLKFreq
 .text.HAL_RCC_GetPCLK1Freq
                0x0000000008001a88       0x28 ./Drivers/STM32F4xx_HAL_Driver/Src/stm32f4xx_hal_rcc.o
                0x0000000008001a88                HAL_RCC_GetPCLK1Freq
 .text.HAL_RCC_GetPCLK2Freq
                0x0000000008001ab0       0x28 ./Drivers/STM32F4xx_HAL_Driver/Src/stm32f4xx_hal_rcc.o
                0x0000000008001ab0                HAL_RCC_GetPCLK2Freq
 .text.HAL_RCC_GetClockConfig
                0x0000000008001ad8       0x64 ./Drivers/STM32F4xx_HAL_Driver/Src/stm32f4xx_hal_rcc.o
                0x0000000008001ad8                HAL_RCC_GetClockConfig
 .text.HAL_RCC_GetSysClockFreq
                0x0000000008001b3c      0x460 ./Drivers/STM32F4xx_HAL_Driver/Src/stm32f4xx_hal_rcc_ex.o
                0x0000000008001b3c                HAL_RCC_GetSysClockFreq
 .text.HAL_RCC_OscConfig
                0x0000000008001f9c      0x53c ./Drivers/STM32F4xx_HAL_Driver/Src/stm32f4xx_hal_rcc_ex.o
                0x0000000008001f9c                HAL_RCC_OscConfig
 .text.HAL_TIM_Base_Init
                0x00000000080024d8       0x9e ./Drivers/STM32F4xx_HAL_Driver/Src/stm32f4xx_hal_tim.o
                0x00000000080024d8                HAL_TIM_Base_Init
 *fill*         0x0000000008002576        0x2 
 .text.HAL_TIM_Base_Start_IT
                0x0000000008002578       0xe0 ./Drivers/STM32F4xx_HAL_Driver/Src/stm32f4xx_hal_tim.o
                0x0000000008002578                HAL_TIM_Base_Start_IT
 .text.HAL_TIM_IRQHandler
                0x0000000008002658      0x210 ./Drivers/STM32F4xx_HAL_Driver/Src/stm32f4xx_hal_tim.o
                0x0000000008002658                HAL_TIM_IRQHandler
 .text.HAL_TIM_ConfigClockSource
                0x0000000008002868      0x18e ./Drivers/STM32F4xx_HAL_Driver/Src/stm32f4xx_hal_tim.o
                0x0000000008002868                HAL_TIM_ConfigClockSource
 .text.HAL_TIM_OC_DelayElapsedCallback
                0x00000000080029f6       0x14 ./Drivers/STM32F4xx_HAL_Driver/Src/stm32f4xx_hal_tim.o
                0x00000000080029f6                HAL_TIM_OC_DelayElapsedCallback
 .text.HAL_TIM_IC_CaptureCallback
                0x0000000008002a0a       0x14 ./Drivers/STM32F4xx_HAL_Driver/Src/stm32f4xx_hal_tim.o
                0x0000000008002a0a                HAL_TIM_IC_CaptureCallback
 .text.HAL_TIM_PWM_PulseFinishedCallback
                0x0000000008002a1e       0x14 ./Drivers/STM32F4xx_HAL_Driver/Src/stm32f4xx_hal_tim.o
                0x0000000008002a1e                HAL_TIM_PWM_PulseFinishedCallback
 .text.HAL_TIM_TriggerCallback
                0x0000000008002a32       0x14 ./Drivers/STM32F4xx_HAL_Driver/Src/stm32f4xx_hal_tim.o
                0x0000000008002a32                HAL_TIM_TriggerCallback
 *fill*         0x0000000008002a46        0x2 
 .text.TIM_Base_SetConfig
                0x0000000008002a48      0x140 ./Drivers/STM32F4xx_HAL_Driver/Src/stm32f4xx_hal_tim.o
                0x0000000008002a48                TIM_Base_SetConfig
 .text.TIM_TI1_ConfigInputStage
                0x0000000008002b88       0x5e ./Drivers/STM32F4xx_HAL_Driver/Src/stm32f4xx_hal_tim.o
 .text.TIM_TI2_ConfigInputStage
                0x0000000008002be6       0x60 ./Drivers/STM32F4xx_HAL_Driver/Src/stm32f4xx_hal_tim.o
 .text.TIM_ITRx_SetConfig
                0x0000000008002c46       0x36 ./Drivers/STM32F4xx_HAL_Driver/Src/stm32f4xx_hal_tim.o
 .text.TIM_ETR_SetConfig
                0x0000000008002c7c       0x40 ./Drivers/STM32F4xx_HAL_Driver/Src/stm32f4xx_hal_tim.o
                0x0000000008002c7c                TIM_ETR_SetConfig
 .text.HAL_TIMEx_MasterConfigSynchronization
                0x0000000008002cbc       0xf8 ./Drivers/STM32F4xx_HAL_Driver/Src/stm32f4xx_hal_tim_ex.o
                0x0000000008002cbc                HAL_TIMEx_MasterConfigSynchronization
 .text.HAL_TIMEx_CommutCallback
                0x0000000008002db4       0x14 ./Drivers/STM32F4xx_HAL_Driver/Src/stm32f4xx_hal_tim_ex.o
                0x0000000008002db4                HAL_TIMEx_CommutCallback
 .text.HAL_TIMEx_BreakCallback
                0x0000000008002dc8       0x14 ./Drivers/STM32F4xx_HAL_Driver/Src/stm32f4xx_hal_tim_ex.o
                0x0000000008002dc8                HAL_TIMEx_BreakCallback
 .text.HAL_UART_Init
                0x0000000008002ddc       0x9a ./Drivers/STM32F4xx_HAL_Driver/Src/stm32f4xx_hal_uart.o
                0x0000000008002ddc                HAL_UART_Init
 .text.HAL_UART_Transmit
                0x0000000008002e76      0x124 ./Drivers/STM32F4xx_HAL_Driver/Src/stm32f4xx_hal_uart.o
                0x0000000008002e76                HAL_UART_Transmit
 .text.UART_WaitOnFlagUntilTimeout
                0x0000000008002f9a       0xdc ./Drivers/STM32F4xx_HAL_Driver/Src/stm32f4xx_hal_uart.o
 *fill*         0x0000000008003076        0x2 
 .text.UART_SetConfig
                0x0000000008003078      0x4e8 ./Drivers/STM32F4xx_HAL_Driver/Src/stm32f4xx_hal_uart.o
 .text.makeFreeRtosPriority
                0x0000000008003560       0x30 ./Middlewares/Third_Party/FreeRTOS/Source/CMSIS_RTOS/cmsis_os.o
 .text.osKernelStart
                0x0000000008003590        0xe ./Middlewares/Third_Party/FreeRTOS/Source/CMSIS_RTOS/cmsis_os.o
                0x0000000008003590                osKernelStart
 .text.osThreadCreate
                0x000000000800359e       0x98 ./Middlewares/Third_Party/FreeRTOS/Source/CMSIS_RTOS/cmsis_os.o
                0x000000000800359e                osThreadCreate
 .text.osDelay  0x0000000008003636       0x28 ./Middlewares/Third_Party/FreeRTOS/Source/CMSIS_RTOS/cmsis_os.o
                0x0000000008003636                osDelay
 .text.vListInitialise
                0x000000000800365e       0x40 ./Middlewares/Third_Party/FreeRTOS/Source/list.o
                0x000000000800365e                vListInitialise
 .text.vListInitialiseItem
                0x000000000800369e       0x1a ./Middlewares/Third_Party/FreeRTOS/Source/list.o
                0x000000000800369e                vListInitialiseItem
 .text.vListInsertEnd
                0x00000000080036b8       0x48 ./Middlewares/Third_Party/FreeRTOS/Source/list.o
                0x00000000080036b8                vListInsertEnd
 .text.vListInsert
                0x0000000008003700       0x72 ./Middlewares/Third_Party/FreeRTOS/Source/list.o
                0x0000000008003700                vListInsert
 .text.uxListRemove
                0x0000000008003772       0x54 ./Middlewares/Third_Party/FreeRTOS/Source/list.o
                0x0000000008003772                uxListRemove
 *fill*         0x00000000080037c6        0x2 
 .text.xQueueGenericReset
                0x00000000080037c8       0xd0 ./Middlewares/Third_Party/FreeRTOS/Source/queue.o
                0x00000000080037c8                xQueueGenericReset
 .text.xQueueGenericCreate
                0x0000000008003898       0x74 ./Middlewares/Third_Party/FreeRTOS/Source/queue.o
                0x0000000008003898                xQueueGenericCreate
 .text.prvInitialiseNewQueue
                0x000000000800390c       0x46 ./Middlewares/Third_Party/FreeRTOS/Source/queue.o
 .text.prvInitialiseMutex
                0x0000000008003952       0x34 ./Middlewares/Third_Party/FreeRTOS/Source/queue.o
 .text.xQueueCreateMutex
                0x0000000008003986       0x30 ./Middlewares/Third_Party/FreeRTOS/Source/queue.o
                0x0000000008003986                xQueueCreateMutex
 .text.xQueueCreateCountingSemaphore
                0x00000000080039b6       0x66 ./Middlewares/Third_Party/FreeRTOS/Source/queue.o
                0x00000000080039b6                xQueueCreateCountingSemaphore
 .text.xQueueGenericSend
                0x0000000008003a1c      0x1fc ./Middlewares/Third_Party/FreeRTOS/Source/queue.o
                0x0000000008003a1c                xQueueGenericSend
 .text.xQueueSemaphoreTake
                0x0000000008003c18      0x218 ./Middlewares/Third_Party/FreeRTOS/Source/queue.o
                0x0000000008003c18                xQueueSemaphoreTake
 .text.prvGetDisinheritPriorityAfterTimeout
                0x0000000008003e30       0x30 ./Middlewares/Third_Party/FreeRTOS/Source/queue.o
 .text.prvCopyDataToQueue
                0x0000000008003e60       0xd4 ./Middlewares/Third_Party/FreeRTOS/Source/queue.o
 .text.prvUnlockQueue
                0x0000000008003f34       0xa4 ./Middlewares/Third_Party/FreeRTOS/Source/queue.o
 .text.prvIsQueueEmpty
                0x0000000008003fd8       0x2c ./Middlewares/Third_Party/FreeRTOS/Source/queue.o
 .text.prvIsQueueFull
                0x0000000008004004       0x30 ./Middlewares/Third_Party/FreeRTOS/Source/queue.o
 .text.vQueueAddToRegistry
                0x0000000008004034       0x54 ./Middlewares/Third_Party/FreeRTOS/Source/queue.o
                0x0000000008004034                vQueueAddToRegistry
 .text.xTaskCreateStatic
                0x0000000008004088       0xba ./Middlewares/Third_Party/FreeRTOS/Source/tasks.o
                0x0000000008004088                xTaskCreateStatic
 .text.xTaskCreate
                0x0000000008004142       0x8a ./Middlewares/Third_Party/FreeRTOS/Source/tasks.o
                0x0000000008004142                xTaskCreate
 .text.prvInitialiseNewTask
                0x00000000080041cc      0x158 ./Middlewares/Third_Party/FreeRTOS/Source/tasks.o
 .text.prvAddNewTaskToReadyList
                0x0000000008004324       0xdc ./Middlewares/Third_Party/FreeRTOS/Source/tasks.o
 .text.vTaskDelayUntil
                0x0000000008004400       0xfc ./Middlewares/Third_Party/FreeRTOS/Source/tasks.o
                0x0000000008004400                vTaskDelayUntil
 .text.vTaskDelay
                0x00000000080044fc       0x68 ./Middlewares/Third_Party/FreeRTOS/Source/tasks.o
                0x00000000080044fc                vTaskDelay
 .text.uxTaskPriorityGet
                0x0000000008004564       0x34 ./Middlewares/Third_Party/FreeRTOS/Source/tasks.o
                0x0000000008004564                uxTaskPriorityGet
 .text.vTaskPrioritySet
                0x0000000008004598      0x154 ./Middlewares/Third_Party/FreeRTOS/Source/tasks.o
                0x0000000008004598                vTaskPrioritySet
 .text.vTaskStartScheduler
                0x00000000080046ec       0xd8 ./Middlewares/Third_Party/FreeRTOS/Source/tasks.o
                0x00000000080046ec                vTaskStartScheduler
 .text.vTaskSuspendAll
                0x00000000080047c4       0x1c ./Middlewares/Third_Party/FreeRTOS/Source/tasks.o
                0x00000000080047c4                vTaskSuspendAll
 .text.xTaskResumeAll
                0x00000000080047e0      0x138 ./Middlewares/Third_Party/FreeRTOS/Source/tasks.o
                0x00000000080047e0                xTaskResumeAll
 .text.xTaskGetTickCount
                0x0000000008004918       0x20 ./Middlewares/Third_Party/FreeRTOS/Source/tasks.o
                0x0000000008004918                xTaskGetTickCount
 .text.pcTaskGetName
                0x0000000008004938       0x48 ./Middlewares/Third_Party/FreeRTOS/Source/tasks.o
                0x0000000008004938                pcTaskGetName
 .text.xTaskIncrementTick
                0x0000000008004980      0x170 ./Middlewares/Third_Party/FreeRTOS/Source/tasks.o
                0x0000000008004980                xTaskIncrementTick
 .text.vTaskSwitchContext
                0x0000000008004af0       0xfc ./Middlewares/Third_Party/FreeRTOS/Source/tasks.o
                0x0000000008004af0                vTaskSwitchContext
 .text.vTaskPlaceOnEventList
                0x0000000008004bec       0x48 ./Middlewares/Third_Party/FreeRTOS/Source/tasks.o
                0x0000000008004bec                vTaskPlaceOnEventList
 .text.xTaskRemoveFromEventList
                0x0000000008004c34       0xc4 ./Middlewares/Third_Party/FreeRTOS/Source/tasks.o
                0x0000000008004c34                xTaskRemoveFromEventList
 .text.vTaskInternalSetTimeOutState
                0x0000000008004cf8       0x2c ./Middlewares/Third_Party/FreeRTOS/Source/tasks.o
                0x0000000008004cf8                vTaskInternalSetTimeOutState
 .text.xTaskCheckForTimeOut
                0x0000000008004d24       0xc4 ./Middlewares/Third_Party/FreeRTOS/Source/tasks.o
                0x0000000008004d24                xTaskCheckForTimeOut
 .text.vTaskMissedYield
                0x0000000008004de8       0x18 ./Middlewares/Third_Party/FreeRTOS/Source/tasks.o
                0x0000000008004de8                vTaskMissedYield
 .text.prvIdleTask
                0x0000000008004e00       0x30 ./Middlewares/Third_Party/FreeRTOS/Source/tasks.o
 .text.prvInitialiseTaskLists
                0x0000000008004e30       0x80 ./Middlewares/Third_Party/FreeRTOS/Source/tasks.o
 .text.prvCheckTasksWaitingTermination
                0x0000000008004eb0       0x5c ./Middlewares/Third_Party/FreeRTOS/Source/tasks.o
 .text.prvDeleteTCB
                0x0000000008004f0c       0x68 ./Middlewares/Third_Party/FreeRTOS/Source/tasks.o
 .text.prvResetNextTaskUnblockTime
                0x0000000008004f74       0x40 ./Middlewares/Third_Party/FreeRTOS/Source/tasks.o
 .text.xTaskGetSchedulerState
                0x0000000008004fb4       0x3c ./Middlewares/Third_Party/FreeRTOS/Source/tasks.o
                0x0000000008004fb4                xTaskGetSchedulerState
 .text.xTaskPriorityInherit
                0x0000000008004ff0       0xec ./Middlewares/Third_Party/FreeRTOS/Source/tasks.o
                0x0000000008004ff0                xTaskPriorityInherit
 .text.xTaskPriorityDisinherit
                0x00000000080050dc      0x10c ./Middlewares/Third_Party/FreeRTOS/Source/tasks.o
                0x00000000080050dc                xTaskPriorityDisinherit
 .text.vTaskPriorityDisinheritAfterTimeout
                0x00000000080051e8      0x11c ./Middlewares/Third_Party/FreeRTOS/Source/tasks.o
                0x00000000080051e8                vTaskPriorityDisinheritAfterTimeout
 .text.pvTaskIncrementMutexHeldCount
                0x0000000008005304       0x28 ./Middlewares/Third_Party/FreeRTOS/Source/tasks.o
                0x0000000008005304                pvTaskIncrementMutexHeldCount
 .text.prvAddCurrentTaskToDelayedList
                0x000000000800532c       0xcc ./Middlewares/Third_Party/FreeRTOS/Source/tasks.o
 .text.pxPortInitialiseStack
                0x00000000080053f8       0x68 ./Middlewares/Third_Party/FreeRTOS/Source/portable/GCC/ARM_CM4F/port.o
                0x00000000080053f8                pxPortInitialiseStack
 .text.prvTaskExitError
                0x0000000008005460       0x58 ./Middlewares/Third_Party/FreeRTOS/Source/portable/GCC/ARM_CM4F/port.o
 *fill*         0x00000000080054b8        0x8 
 .text.SVC_Handler
                0x00000000080054c0       0x28 ./Middlewares/Third_Party/FreeRTOS/Source/portable/GCC/ARM_CM4F/port.o
                0x00000000080054c0                SVC_Handler
 .text.prvPortStartFirstTask
                0x00000000080054e8       0x28 ./Middlewares/Third_Party/FreeRTOS/Source/portable/GCC/ARM_CM4F/port.o
 .text.xPortStartScheduler
                0x0000000008005510      0x144 ./Middlewares/Third_Party/FreeRTOS/Source/portable/GCC/ARM_CM4F/port.o
                0x0000000008005510                xPortStartScheduler
 .text.vPortEnterCritical
                0x0000000008005654       0x60 ./Middlewares/Third_Party/FreeRTOS/Source/portable/GCC/ARM_CM4F/port.o
                0x0000000008005654                vPortEnterCritical
 .text.vPortExitCritical
                0x00000000080056b4       0x54 ./Middlewares/Third_Party/FreeRTOS/Source/portable/GCC/ARM_CM4F/port.o
                0x00000000080056b4                vPortExitCritical
 *fill*         0x0000000008005708        0x8 
 .text.PendSV_Handler
                0x0000000008005710       0x68 ./Middlewares/Third_Party/FreeRTOS/Source/portable/GCC/ARM_CM4F/port.o
                0x0000000008005710                PendSV_Handler
 .text.SysTick_Handler
                0x0000000008005778       0x44 ./Middlewares/Third_Party/FreeRTOS/Source/portable/GCC/ARM_CM4F/port.o
                0x0000000008005778                SysTick_Handler
 .text.vPortSetupTimerInterrupt
                0x00000000080057bc       0x48 ./Middlewares/Third_Party/FreeRTOS/Source/portable/GCC/ARM_CM4F/port.o
                0x00000000080057bc                vPortSetupTimerInterrupt
 .text.vPortEnableVFP
                0x0000000008005804       0x14 ./Middlewares/Third_Party/FreeRTOS/Source/portable/GCC/ARM_CM4F/port.o
 .text.pvPortMalloc
                0x0000000008005818      0x198 ./Middlewares/Third_Party/FreeRTOS/Source/portable/MemMang/heap_4.o
                0x0000000008005818                pvPortMalloc
 .text.vPortFree
                0x00000000080059b0       0xc4 ./Middlewares/Third_Party/FreeRTOS/Source/portable/MemMang/heap_4.o
                0x00000000080059b0                vPortFree
 .text.prvHeapInit
                0x0000000008005a74       0xc4 ./Middlewares/Third_Party/FreeRTOS/Source/portable/MemMang/heap_4.o
 .text.prvInsertBlockIntoFreeList
                0x0000000008005b38       0xb4 ./Middlewares/Third_Party/FreeRTOS/Source/portable/MemMang/heap_4.o
 .text.__io_putchar
                0x0000000008005bec       0x24 ./Supporting_Functions/Src/supporting_Functions.o
                0x0000000008005bec                __io_putchar
 .text.vPrintString
                0x0000000008005c10       0x34 ./Supporting_Functions/Src/supporting_Functions.o
                0x0000000008005c10                vPrintString
 .text.vPrintStringAndNumber
                0x0000000008005c44       0x38 ./Supporting_Functions/Src/supporting_Functions.o
                0x0000000008005c44                vPrintStringAndNumber
 .text.vPrintTwoStrings
                0x0000000008005c7c       0x30 ./Supporting_Functions/Src/supporting_Functions.o
                0x0000000008005c7c                vPrintTwoStrings
 .text.__sflush_r
                0x0000000008005cac      0x10c C:/ST/STM32CubeIDE_1.13.1/STM32CubeIDE/plugins/com.st.stm32cube.ide.mcu.externaltools.gnu-tools-for-stm32.11.3.rel1.win32_1.1.0.202305231506/tools/bin/../lib/gcc/arm-none-eabi/11.3.1/../../../../arm-none-eabi/lib/thumb/v7e-m+fp/hard\libc_nano.a(libc_a-fflush.o)
                0x0000000008005cac                __sflush_r
 .text._fflush_r
                0x0000000008005db8       0x50 C:/ST/STM32CubeIDE_1.13.1/STM32CubeIDE/plugins/com.st.stm32cube.ide.mcu.externaltools.gnu-tools-for-stm32.11.3.rel1.win32_1.1.0.202305231506/tools/bin/../lib/gcc/arm-none-eabi/11.3.1/../../../../arm-none-eabi/lib/thumb/v7e-m+fp/hard\libc_nano.a(libc_a-fflush.o)
                0x0000000008005db8                _fflush_r
 .text.fflush   0x0000000008005e08       0x28 C:/ST/STM32CubeIDE_1.13.1/STM32CubeIDE/plugins/com.st.stm32cube.ide.mcu.externaltools.gnu-tools-for-stm32.11.3.rel1.win32_1.1.0.202305231506/tools/bin/../lib/gcc/arm-none-eabi/11.3.1/../../../../arm-none-eabi/lib/thumb/v7e-m+fp/hard\libc_nano.a(libc_a-fflush.o)
                0x0000000008005e08                fflush
 .text.std      0x0000000008005e30       0x48 C:/ST/STM32CubeIDE_1.13.1/STM32CubeIDE/plugins/com.st.stm32cube.ide.mcu.externaltools.gnu-tools-for-stm32.11.3.rel1.win32_1.1.0.202305231506/tools/bin/../lib/gcc/arm-none-eabi/11.3.1/../../../../arm-none-eabi/lib/thumb/v7e-m+fp/hard\libc_nano.a(libc_a-findfp.o)
 .text.stdio_exit_handler
                0x0000000008005e78       0x18 C:/ST/STM32CubeIDE_1.13.1/STM32CubeIDE/plugins/com.st.stm32cube.ide.mcu.externaltools.gnu-tools-for-stm32.11.3.rel1.win32_1.1.0.202305231506/tools/bin/../lib/gcc/arm-none-eabi/11.3.1/../../../../arm-none-eabi/lib/thumb/v7e-m+fp/hard\libc_nano.a(libc_a-findfp.o)
 .text.cleanup_stdio
                0x0000000008005e90       0x40 C:/ST/STM32CubeIDE_1.13.1/STM32CubeIDE/plugins/com.st.stm32cube.ide.mcu.externaltools.gnu-tools-for-stm32.11.3.rel1.win32_1.1.0.202305231506/tools/bin/../lib/gcc/arm-none-eabi/11.3.1/../../../../arm-none-eabi/lib/thumb/v7e-m+fp/hard\libc_nano.a(libc_a-findfp.o)
 .text.global_stdio_init.part.0
                0x0000000008005ed0       0x3c C:/ST/STM32CubeIDE_1.13.1/STM32CubeIDE/plugins/com.st.stm32cube.ide.mcu.externaltools.gnu-tools-for-stm32.11.3.rel1.win32_1.1.0.202305231506/tools/bin/../lib/gcc/arm-none-eabi/11.3.1/../../../../arm-none-eabi/lib/thumb/v7e-m+fp/hard\libc_nano.a(libc_a-findfp.o)
 .text.__sfp_lock_acquire
                0x0000000008005f0c        0xc C:/ST/STM32CubeIDE_1.13.1/STM32CubeIDE/plugins/com.st.stm32cube.ide.mcu.externaltools.gnu-tools-for-stm32.11.3.rel1.win32_1.1.0.202305231506/tools/bin/../lib/gcc/arm-none-eabi/11.3.1/../../../../arm-none-eabi/lib/thumb/v7e-m+fp/hard\libc_nano.a(libc_a-findfp.o)
                0x0000000008005f0c                __sfp_lock_acquire
 .text.__sfp_lock_release
                0x0000000008005f18        0xc C:/ST/STM32CubeIDE_1.13.1/STM32CubeIDE/plugins/com.st.stm32cube.ide.mcu.externaltools.gnu-tools-for-stm32.11.3.rel1.win32_1.1.0.202305231506/tools/bin/../lib/gcc/arm-none-eabi/11.3.1/../../../../arm-none-eabi/lib/thumb/v7e-m+fp/hard\libc_nano.a(libc_a-findfp.o)
                0x0000000008005f18                __sfp_lock_release
 .text.__sinit  0x0000000008005f24       0x30 C:/ST/STM32CubeIDE_1.13.1/STM32CubeIDE/plugins/com.st.stm32cube.ide.mcu.externaltools.gnu-tools-for-stm32.11.3.rel1.win32_1.1.0.202305231506/tools/bin/../lib/gcc/arm-none-eabi/11.3.1/../../../../arm-none-eabi/lib/thumb/v7e-m+fp/hard\libc_nano.a(libc_a-findfp.o)
                0x0000000008005f24                __sinit
 .text._fwalk_sglue
                0x0000000008005f54       0x3c C:/ST/STM32CubeIDE_1.13.1/STM32CubeIDE/plugins/com.st.stm32cube.ide.mcu.externaltools.gnu-tools-for-stm32.11.3.rel1.win32_1.1.0.202305231506/tools/bin/../lib/gcc/arm-none-eabi/11.3.1/../../../../arm-none-eabi/lib/thumb/v7e-m+fp/hard\libc_nano.a(libc_a-fwalk.o)
                0x0000000008005f54                _fwalk_sglue
 .text.printf   0x0000000008005f90       0x24 C:/ST/STM32CubeIDE_1.13.1/STM32CubeIDE/plugins/com.st.stm32cube.ide.mcu.externaltools.gnu-tools-for-stm32.11.3.rel1.win32_1.1.0.202305231506/tools/bin/../lib/gcc/arm-none-eabi/11.3.1/../../../../arm-none-eabi/lib/thumb/v7e-m+fp/hard\libc_nano.a(libc_a-printf.o)
                0x0000000008005f90                iprintf
                0x0000000008005f90                printf
 .text.__sread  0x0000000008005fb4       0x22 C:/ST/STM32CubeIDE_1.13.1/STM32CubeIDE/plugins/com.st.stm32cube.ide.mcu.externaltools.gnu-tools-for-stm32.11.3.rel1.win32_1.1.0.202305231506/tools/bin/../lib/gcc/arm-none-eabi/11.3.1/../../../../arm-none-eabi/lib/thumb/v7e-m+fp/hard\libc_nano.a(libc_a-stdio.o)
                0x0000000008005fb4                __sread
 .text.__swrite
                0x0000000008005fd6       0x38 C:/ST/STM32CubeIDE_1.13.1/STM32CubeIDE/plugins/com.st.stm32cube.ide.mcu.externaltools.gnu-tools-for-stm32.11.3.rel1.win32_1.1.0.202305231506/tools/bin/../lib/gcc/arm-none-eabi/11.3.1/../../../../arm-none-eabi/lib/thumb/v7e-m+fp/hard\libc_nano.a(libc_a-stdio.o)
                0x0000000008005fd6                __swrite
 .text.__sseek  0x000000000800600e       0x24 C:/ST/STM32CubeIDE_1.13.1/STM32CubeIDE/plugins/com.st.stm32cube.ide.mcu.externaltools.gnu-tools-for-stm32.11.3.rel1.win32_1.1.0.202305231506/tools/bin/../lib/gcc/arm-none-eabi/11.3.1/../../../../arm-none-eabi/lib/thumb/v7e-m+fp/hard\libc_nano.a(libc_a-stdio.o)
                0x000000000800600e                __sseek
 .text.__sclose
                0x0000000008006032        0x8 C:/ST/STM32CubeIDE_1.13.1/STM32CubeIDE/plugins/com.st.stm32cube.ide.mcu.externaltools.gnu-tools-for-stm32.11.3.rel1.win32_1.1.0.202305231506/tools/bin/../lib/gcc/arm-none-eabi/11.3.1/../../../../arm-none-eabi/lib/thumb/v7e-m+fp/hard\libc_nano.a(libc_a-stdio.o)
                0x0000000008006032                __sclose
 .text.memset   0x000000000800603a       0x10 C:/ST/STM32CubeIDE_1.13.1/STM32CubeIDE/plugins/com.st.stm32cube.ide.mcu.externaltools.gnu-tools-for-stm32.11.3.rel1.win32_1.1.0.202305231506/tools/bin/../lib/gcc/arm-none-eabi/11.3.1/../../../../arm-none-eabi/lib/thumb/v7e-m+fp/hard\libc_nano.a(libc_a-memset.o)
                0x000000000800603a                memset
 *fill*         0x000000000800604a        0x2 
 .text._close_r
                0x000000000800604c       0x20 C:/ST/STM32CubeIDE_1.13.1/STM32CubeIDE/plugins/com.st.stm32cube.ide.mcu.externaltools.gnu-tools-for-stm32.11.3.rel1.win32_1.1.0.202305231506/tools/bin/../lib/gcc/arm-none-eabi/11.3.1/../../../../arm-none-eabi/lib/thumb/v7e-m+fp/hard\libc_nano.a(libc_a-closer.o)
                0x000000000800604c                _close_r
 .text._reclaim_reent
                0x000000000800606c       0xac C:/ST/STM32CubeIDE_1.13.1/STM32CubeIDE/plugins/com.st.stm32cube.ide.mcu.externaltools.gnu-tools-for-stm32.11.3.rel1.win32_1.1.0.202305231506/tools/bin/../lib/gcc/arm-none-eabi/11.3.1/../../../../arm-none-eabi/lib/thumb/v7e-m+fp/hard\libc_nano.a(libc_a-reent.o)
                0x000000000800606c                _reclaim_reent
 .text._lseek_r
                0x0000000008006118       0x24 C:/ST/STM32CubeIDE_1.13.1/STM32CubeIDE/plugins/com.st.stm32cube.ide.mcu.externaltools.gnu-tools-for-stm32.11.3.rel1.win32_1.1.0.202305231506/tools/bin/../lib/gcc/arm-none-eabi/11.3.1/../../../../arm-none-eabi/lib/thumb/v7e-m+fp/hard\libc_nano.a(libc_a-lseekr.o)
                0x0000000008006118                _lseek_r
 .text._read_r  0x000000000800613c       0x24 C:/ST/STM32CubeIDE_1.13.1/STM32CubeIDE/plugins/com.st.stm32cube.ide.mcu.externaltools.gnu-tools-for-stm32.11.3.rel1.win32_1.1.0.202305231506/tools/bin/../lib/gcc/arm-none-eabi/11.3.1/../../../../arm-none-eabi/lib/thumb/v7e-m+fp/hard\libc_nano.a(libc_a-readr.o)
                0x000000000800613c                _read_r
 .text._write_r
                0x0000000008006160       0x24 C:/ST/STM32CubeIDE_1.13.1/STM32CubeIDE/plugins/com.st.stm32cube.ide.mcu.externaltools.gnu-tools-for-stm32.11.3.rel1.win32_1.1.0.202305231506/tools/bin/../lib/gcc/arm-none-eabi/11.3.1/../../../../arm-none-eabi/lib/thumb/v7e-m+fp/hard\libc_nano.a(libc_a-writer.o)
                0x0000000008006160                _write_r
 .text.__errno  0x0000000008006184        0xc C:/ST/STM32CubeIDE_1.13.1/STM32CubeIDE/plugins/com.st.stm32cube.ide.mcu.externaltools.gnu-tools-for-stm32.11.3.rel1.win32_1.1.0.202305231506/tools/bin/../lib/gcc/arm-none-eabi/11.3.1/../../../../arm-none-eabi/lib/thumb/v7e-m+fp/hard\libc_nano.a(libc_a-errno.o)
                0x0000000008006184                __errno
 .text.__libc_init_array
                0x0000000008006190       0x48 C:/ST/STM32CubeIDE_1.13.1/STM32CubeIDE/plugins/com.st.stm32cube.ide.mcu.externaltools.gnu-tools-for-stm32.11.3.rel1.win32_1.1.0.202305231506/tools/bin/../lib/gcc/arm-none-eabi/11.3.1/../../../../arm-none-eabi/lib/thumb/v7e-m+fp/hard\libc_nano.a(libc_a-init.o)
                0x0000000008006190                __libc_init_array
 .text.__retarget_lock_acquire_recursive
                0x00000000080061d8        0x2 C:/ST/STM32CubeIDE_1.13.1/STM32CubeIDE/plugins/com.st.stm32cube.ide.mcu.externaltools.gnu-tools-for-stm32.11.3.rel1.win32_1.1.0.202305231506/tools/bin/../lib/gcc/arm-none-eabi/11.3.1/../../../../arm-none-eabi/lib/thumb/v7e-m+fp/hard\libc_nano.a(libc_a-lock.o)
                0x00000000080061d8                __retarget_lock_acquire_recursive
 .text.__retarget_lock_release_recursive
                0x00000000080061da        0x2 C:/ST/STM32CubeIDE_1.13.1/STM32CubeIDE/plugins/com.st.stm32cube.ide.mcu.externaltools.gnu-tools-for-stm32.11.3.rel1.win32_1.1.0.202305231506/tools/bin/../lib/gcc/arm-none-eabi/11.3.1/../../../../arm-none-eabi/lib/thumb/v7e-m+fp/hard\libc_nano.a(libc_a-lock.o)
                0x00000000080061da                __retarget_lock_release_recursive
 .text.memcpy   0x00000000080061dc       0x1c C:/ST/STM32CubeIDE_1.13.1/STM32CubeIDE/plugins/com.st.stm32cube.ide.mcu.externaltools.gnu-tools-for-stm32.11.3.rel1.win32_1.1.0.202305231506/tools/bin/../lib/gcc/arm-none-eabi/11.3.1/../../../../arm-none-eabi/lib/thumb/v7e-m+fp/hard\libc_nano.a(libc_a-memcpy-stub.o)
                0x00000000080061dc                memcpy
 .text._free_r  0x00000000080061f8       0x98 C:/ST/STM32CubeIDE_1.13.1/STM32CubeIDE/plugins/com.st.stm32cube.ide.mcu.externaltools.gnu-tools-for-stm32.11.3.rel1.win32_1.1.0.202305231506/tools/bin/../lib/gcc/arm-none-eabi/11.3.1/../../../../arm-none-eabi/lib/thumb/v7e-m+fp/hard\libc_nano.a(libc_a-freer.o)
                0x00000000080061f8                _free_r
 .text.sbrk_aligned
                0x0000000008006290       0x40 C:/ST/STM32CubeIDE_1.13.1/STM32CubeIDE/plugins/com.st.stm32cube.ide.mcu.externaltools.gnu-tools-for-stm32.11.3.rel1.win32_1.1.0.202305231506/tools/bin/../lib/gcc/arm-none-eabi/11.3.1/../../../../arm-none-eabi/lib/thumb/v7e-m+fp/hard\libc_nano.a(libc_a-mallocr.o)
 .text._malloc_r
                0x00000000080062d0      0x100 C:/ST/STM32CubeIDE_1.13.1/STM32CubeIDE/plugins/com.st.stm32cube.ide.mcu.externaltools.gnu-tools-for-stm32.11.3.rel1.win32_1.1.0.202305231506/tools/bin/../lib/gcc/arm-none-eabi/11.3.1/../../../../arm-none-eabi/lib/thumb/v7e-m+fp/hard\libc_nano.a(libc_a-mallocr.o)
                0x00000000080062d0                _malloc_r
 .text.__malloc_lock
                0x00000000080063d0        0xc C:/ST/STM32CubeIDE_1.13.1/STM32CubeIDE/plugins/com.st.stm32cube.ide.mcu.externaltools.gnu-tools-for-stm32.11.3.rel1.win32_1.1.0.202305231506/tools/bin/../lib/gcc/arm-none-eabi/11.3.1/../../../../arm-none-eabi/lib/thumb/v7e-m+fp/hard\libc_nano.a(libc_a-mlock.o)
                0x00000000080063d0                __malloc_lock
 .text.__malloc_unlock
                0x00000000080063dc        0xc C:/ST/STM32CubeIDE_1.13.1/STM32CubeIDE/plugins/com.st.stm32cube.ide.mcu.externaltools.gnu-tools-for-stm32.11.3.rel1.win32_1.1.0.202305231506/tools/bin/../lib/gcc/arm-none-eabi/11.3.1/../../../../arm-none-eabi/lib/thumb/v7e-m+fp/hard\libc_nano.a(libc_a-mlock.o)
                0x00000000080063dc                __malloc_unlock
 .text.__sfputc_r
                0x00000000080063e8       0x2e C:/ST/STM32CubeIDE_1.13.1/STM32CubeIDE/plugins/com.st.stm32cube.ide.mcu.externaltools.gnu-tools-for-stm32.11.3.rel1.win32_1.1.0.202305231506/tools/bin/../lib/gcc/arm-none-eabi/11.3.1/../../../../arm-none-eabi/lib/thumb/v7e-m+fp/hard\libc_nano.a(libc_a-nano-vfprintf.o)
 .text.__sfputs_r
                0x0000000008006416       0x24 C:/ST/STM32CubeIDE_1.13.1/STM32CubeIDE/plugins/com.st.stm32cube.ide.mcu.externaltools.gnu-tools-for-stm32.11.3.rel1.win32_1.1.0.202305231506/tools/bin/../lib/gcc/arm-none-eabi/11.3.1/../../../../arm-none-eabi/lib/thumb/v7e-m+fp/hard\libc_nano.a(libc_a-nano-vfprintf.o)
                0x0000000008006416                __sfputs_r
 *fill*         0x000000000800643a        0x2 
 .text._vfprintf_r
                0x000000000800643c      0x234 C:/ST/STM32CubeIDE_1.13.1/STM32CubeIDE/plugins/com.st.stm32cube.ide.mcu.externaltools.gnu-tools-for-stm32.11.3.rel1.win32_1.1.0.202305231506/tools/bin/../lib/gcc/arm-none-eabi/11.3.1/../../../../arm-none-eabi/lib/thumb/v7e-m+fp/hard\libc_nano.a(libc_a-nano-vfprintf.o)
                0x000000000800643c                _vfprintf_r
                0x000000000800643c                _vfiprintf_r
 .text._printf_common
                0x0000000008006670       0xda C:/ST/STM32CubeIDE_1.13.1/STM32CubeIDE/plugins/com.st.stm32cube.ide.mcu.externaltools.gnu-tools-for-stm32.11.3.rel1.win32_1.1.0.202305231506/tools/bin/../lib/gcc/arm-none-eabi/11.3.1/../../../../arm-none-eabi/lib/thumb/v7e-m+fp/hard\libc_nano.a(libc_a-nano-vfprintf_i.o)
                0x0000000008006670                _printf_common
 *fill*         0x000000000800674a        0x2 
 .text._printf_i
                0x000000000800674c      0x244 C:/ST/STM32CubeIDE_1.13.1/STM32CubeIDE/plugins/com.st.stm32cube.ide.mcu.externaltools.gnu-tools-for-stm32.11.3.rel1.win32_1.1.0.202305231506/tools/bin/../lib/gcc/arm-none-eabi/11.3.1/../../../../arm-none-eabi/lib/thumb/v7e-m+fp/hard\libc_nano.a(libc_a-nano-vfprintf_i.o)
                0x000000000800674c                _printf_i
 .text.__swbuf_r
                0x0000000008006990       0x7a C:/ST/STM32CubeIDE_1.13.1/STM32CubeIDE/plugins/com.st.stm32cube.ide.mcu.externaltools.gnu-tools-for-stm32.11.3.rel1.win32_1.1.0.202305231506/tools/bin/../lib/gcc/arm-none-eabi/11.3.1/../../../../arm-none-eabi/lib/thumb/v7e-m+fp/hard\libc_nano.a(libc_a-wbuf.o)
                0x0000000008006990                __swbuf_r
 *fill*         0x0000000008006a0a        0x2 
 .text.__swsetup_r
                0x0000000008006a0c       0xb0 C:/ST/STM32CubeIDE_1.13.1/STM32CubeIDE/plugins/com.st.stm32cube.ide.mcu.externaltools.gnu-tools-for-stm32.11.3.rel1.win32_1.1.0.202305231506/tools/bin/../lib/gcc/arm-none-eabi/11.3.1/../../../../arm-none-eabi/lib/thumb/v7e-m+fp/hard\libc_nano.a(libc_a-wsetup.o)
                0x0000000008006a0c                __swsetup_r
 .text._sbrk_r  0x0000000008006abc       0x20 C:/ST/STM32CubeIDE_1.13.1/STM32CubeIDE/plugins/com.st.stm32cube.ide.mcu.externaltools.gnu-tools-for-stm32.11.3.rel1.win32_1.1.0.202305231506/tools/bin/../lib/gcc/arm-none-eabi/11.3.1/../../../../arm-none-eabi/lib/thumb/v7e-m+fp/hard\libc_nano.a(libc_a-sbrkr.o)
                0x0000000008006abc                _sbrk_r
 .text.__swhatbuf_r
                0x0000000008006adc       0x4c C:/ST/STM32CubeIDE_1.13.1/STM32CubeIDE/plugins/com.st.stm32cube.ide.mcu.externaltools.gnu-tools-for-stm32.11.3.rel1.win32_1.1.0.202305231506/tools/bin/../lib/gcc/arm-none-eabi/11.3.1/../../../../arm-none-eabi/lib/thumb/v7e-m+fp/hard\libc_nano.a(libc_a-makebuf.o)
                0x0000000008006adc                __swhatbuf_r
 .text.__smakebuf_r
                0x0000000008006b28       0x78 C:/ST/STM32CubeIDE_1.13.1/STM32CubeIDE/plugins/com.st.stm32cube.ide.mcu.externaltools.gnu-tools-for-stm32.11.3.rel1.win32_1.1.0.202305231506/tools/bin/../lib/gcc/arm-none-eabi/11.3.1/../../../../arm-none-eabi/lib/thumb/v7e-m+fp/hard\libc_nano.a(libc_a-makebuf.o)
                0x0000000008006b28                __smakebuf_r
 .text._fstat_r
                0x0000000008006ba0       0x24 C:/ST/STM32CubeIDE_1.13.1/STM32CubeIDE/plugins/com.st.stm32cube.ide.mcu.externaltools.gnu-tools-for-stm32.11.3.rel1.win32_1.1.0.202305231506/tools/bin/../lib/gcc/arm-none-eabi/11.3.1/../../../../arm-none-eabi/lib/thumb/v7e-m+fp/hard\libc_nano.a(libc_a-fstatr.o)
                0x0000000008006ba0                _fstat_r
 .text._isatty_r
                0x0000000008006bc4       0x20 C:/ST/STM32CubeIDE_1.13.1/STM32CubeIDE/plugins/com.st.stm32cube.ide.mcu.externaltools.gnu-tools-for-stm32.11.3.rel1.win32_1.1.0.202305231506/tools/bin/../lib/gcc/arm-none-eabi/11.3.1/../../../../arm-none-eabi/lib/thumb/v7e-m+fp/hard\libc_nano.a(libc_a-isattyr.o)
                0x0000000008006bc4                _isatty_r
 *(.glue_7)
 .glue_7        0x0000000008006be4        0x0 linker stubs
 *(.glue_7t)
 .glue_7t       0x0000000008006be4        0x0 linker stubs
 *(.eh_frame)
 .eh_frame      0x0000000008006be4        0x0 C:/ST/STM32CubeIDE_1.13.1/STM32CubeIDE/plugins/com.st.stm32cube.ide.mcu.externaltools.gnu-tools-for-stm32.11.3.rel1.win32_1.1.0.202305231506/tools/bin/../lib/gcc/arm-none-eabi/11.3.1/thumb/v7e-m+fp/hard/crtbegin.o
 *(.init)
 .init          0x0000000008006be4        0x4 C:/ST/STM32CubeIDE_1.13.1/STM32CubeIDE/plugins/com.st.stm32cube.ide.mcu.externaltools.gnu-tools-for-stm32.11.3.rel1.win32_1.1.0.202305231506/tools/bin/../lib/gcc/arm-none-eabi/11.3.1/thumb/v7e-m+fp/hard/crti.o
                0x0000000008006be4                _init
 .init          0x0000000008006be8        0x8 C:/ST/STM32CubeIDE_1.13.1/STM32CubeIDE/plugins/com.st.stm32cube.ide.mcu.externaltools.gnu-tools-for-stm32.11.3.rel1.win32_1.1.0.202305231506/tools/bin/../lib/gcc/arm-none-eabi/11.3.1/thumb/v7e-m+fp/hard/crtn.o
 *(.fini)
 .fini          0x0000000008006bf0        0x4 C:/ST/STM32CubeIDE_1.13.1/STM32CubeIDE/plugins/com.st.stm32cube.ide.mcu.externaltools.gnu-tools-for-stm32.11.3.rel1.win32_1.1.0.202305231506/tools/bin/../lib/gcc/arm-none-eabi/11.3.1/thumb/v7e-m+fp/hard/crti.o
                0x0000000008006bf0                _fini
 .fini          0x0000000008006bf4        0x8 C:/ST/STM32CubeIDE_1.13.1/STM32CubeIDE/plugins/com.st.stm32cube.ide.mcu.externaltools.gnu-tools-for-stm32.11.3.rel1.win32_1.1.0.202305231506/tools/bin/../lib/gcc/arm-none-eabi/11.3.1/thumb/v7e-m+fp/hard/crtn.o
                0x0000000008006bfc                . = ALIGN (0x4)
                0x0000000008006bfc                _etext = .

.vfp11_veneer   0x0000000008006bfc        0x0
 .vfp11_veneer  0x0000000008006bfc        0x0 linker stubs

.v4_bx          0x0000000008006bfc        0x0
 .v4_bx         0x0000000008006bfc        0x0 linker stubs

.iplt           0x0000000008006bfc        0x0
 .iplt          0x0000000008006bfc        0x0 C:/ST/STM32CubeIDE_1.13.1/STM32CubeIDE/plugins/com.st.stm32cube.ide.mcu.externaltools.gnu-tools-for-stm32.11.3.rel1.win32_1.1.0.202305231506/tools/bin/../lib/gcc/arm-none-eabi/11.3.1/thumb/v7e-m+fp/hard/crtbegin.o

.rodata         0x0000000008006bfc      0x4c4
                0x0000000008006bfc                . = ALIGN (0x4)
 *(.rodata)
 .rodata        0x0000000008006bfc       0xb6 ./App/Src/app.o
 *fill*         0x0000000008006cb2        0x2 
 .rodata        0x0000000008006cb4       0xea ./App/Src/task_A.o
 *fill*         0x0000000008006d9e        0x2 
 .rodata        0x0000000008006da0       0xea ./App/Src/task_B.o
 *fill*         0x0000000008006e8a        0x2 
 .rodata        0x0000000008006e8c      0x12e ./App/Src/task_Test.o
 *fill*         0x0000000008006fba        0x2 
 .rodata        0x0000000008006fbc       0x57 ./Core/Src/main.o
 *fill*         0x0000000008007013        0x1 
 .rodata        0x0000000008007014       0x30 ./Middlewares/Third_Party/FreeRTOS/Source/tasks.o
 .rodata        0x0000000008007044       0x25 ./Supporting_Functions/Src/supporting_Functions.o
 *(.rodata*)
 *fill*         0x0000000008007069        0x3 
 .rodata.eTask_TestArray
                0x000000000800706c        0x8 ./App/Src/task_Test.o
                0x000000000800706c                eTask_TestArray
 .rodata.AHBPrescTable
                0x0000000008007074       0x10 ./Core/Src/system_stm32f4xx.o
                0x0000000008007074                AHBPrescTable
 .rodata.APBPrescTable
                0x0000000008007084        0x8 ./Core/Src/system_stm32f4xx.o
                0x0000000008007084                APBPrescTable
 .rodata._vfprintf_r.str1.1
                0x000000000800708c       0x11 C:/ST/STM32CubeIDE_1.13.1/STM32CubeIDE/plugins/com.st.stm32cube.ide.mcu.externaltools.gnu-tools-for-stm32.11.3.rel1.win32_1.1.0.202305231506/tools/bin/../lib/gcc/arm-none-eabi/11.3.1/../../../../arm-none-eabi/lib/thumb/v7e-m+fp/hard\libc_nano.a(libc_a-nano-vfprintf.o)
 .rodata._printf_i.str1.1
                0x000000000800709d       0x22 C:/ST/STM32CubeIDE_1.13.1/STM32CubeIDE/plugins/com.st.stm32cube.ide.mcu.externaltools.gnu-tools-for-stm32.11.3.rel1.win32_1.1.0.202305231506/tools/bin/../lib/gcc/arm-none-eabi/11.3.1/../../../../arm-none-eabi/lib/thumb/v7e-m+fp/hard\libc_nano.a(libc_a-nano-vfprintf_i.o)
                0x00000000080070c0                . = ALIGN (0x4)
 *fill*         0x00000000080070bf        0x1 

.ARM.extab      0x00000000080070c0        0x0
                0x00000000080070c0                . = ALIGN (0x4)
 *(.ARM.extab* .gnu.linkonce.armextab.*)
                0x00000000080070c0                . = ALIGN (0x4)

.ARM            0x00000000080070c0        0x8
                0x00000000080070c0                . = ALIGN (0x4)
                0x00000000080070c0                __exidx_start = .
 *(.ARM.exidx*)
 .ARM.exidx     0x00000000080070c0        0x8 C:/ST/STM32CubeIDE_1.13.1/STM32CubeIDE/plugins/com.st.stm32cube.ide.mcu.externaltools.gnu-tools-for-stm32.11.3.rel1.win32_1.1.0.202305231506/tools/bin/../lib/gcc/arm-none-eabi/11.3.1/thumb/v7e-m+fp/hard\libgcc.a(_udivmoddi4.o)
                0x00000000080070c8                __exidx_end = .
                0x00000000080070c8                . = ALIGN (0x4)

.rel.dyn        0x00000000080070c8        0x0
 .rel.iplt      0x00000000080070c8        0x0 C:/ST/STM32CubeIDE_1.13.1/STM32CubeIDE/plugins/com.st.stm32cube.ide.mcu.externaltools.gnu-tools-for-stm32.11.3.rel1.win32_1.1.0.202305231506/tools/bin/../lib/gcc/arm-none-eabi/11.3.1/thumb/v7e-m+fp/hard/crtbegin.o

.preinit_array  0x00000000080070c8        0x0
                0x00000000080070c8                . = ALIGN (0x4)
                0x00000000080070c8                PROVIDE (__preinit_array_start = .)
 *(.preinit_array*)
                0x00000000080070c8                PROVIDE (__preinit_array_end = .)
                0x00000000080070c8                . = ALIGN (0x4)

.init_array     0x00000000080070c8        0x4
                0x00000000080070c8                . = ALIGN (0x4)
                0x00000000080070c8                PROVIDE (__init_array_start = .)
 *(SORT_BY_NAME(.init_array.*))
 *(.init_array*)
 .init_array    0x00000000080070c8        0x4 C:/ST/STM32CubeIDE_1.13.1/STM32CubeIDE/plugins/com.st.stm32cube.ide.mcu.externaltools.gnu-tools-for-stm32.11.3.rel1.win32_1.1.0.202305231506/tools/bin/../lib/gcc/arm-none-eabi/11.3.1/thumb/v7e-m+fp/hard/crtbegin.o
                0x00000000080070cc                PROVIDE (__init_array_end = .)
                0x00000000080070cc                . = ALIGN (0x4)

.fini_array     0x00000000080070cc        0x4
                0x00000000080070cc                . = ALIGN (0x4)
                [!provide]                        PROVIDE (__fini_array_start = .)
 *(SORT_BY_NAME(.fini_array.*))
 *(.fini_array*)
 .fini_array    0x00000000080070cc        0x4 C:/ST/STM32CubeIDE_1.13.1/STM32CubeIDE/plugins/com.st.stm32cube.ide.mcu.externaltools.gnu-tools-for-stm32.11.3.rel1.win32_1.1.0.202305231506/tools/bin/../lib/gcc/arm-none-eabi/11.3.1/thumb/v7e-m+fp/hard/crtbegin.o
                [!provide]                        PROVIDE (__fini_array_end = .)
                0x00000000080070d0                . = ALIGN (0x4)
                0x00000000080070d0                _sidata = LOADADDR (.data)

.data           0x0000000020000000       0xc0 load address 0x00000000080070d0
                0x0000000020000000                . = ALIGN (0x4)
                0x0000000020000000                _sdata = .
 *(.data)
 *(.data*)
 .data.pcTextForMain
                0x0000000020000000        0x4 ./App/Src/app.o
                0x0000000020000000                pcTextForMain
 .data.pcTextForTask_A
                0x0000000020000004        0x4 ./App/Src/task_A.o
                0x0000000020000004                pcTextForTask_A
 .data.pcTextForTask_A_lTasksCnt
                0x0000000020000008        0x4 ./App/Src/task_A.o
                0x0000000020000008                pcTextForTask_A_lTasksCnt
 .data.pcTextForTask_A_WaitEntry
                0x000000002000000c        0x4 ./App/Src/task_A.o
                0x000000002000000c                pcTextForTask_A_WaitEntry
 .data.pcTextForTask_A_WaitContinue
                0x0000000020000010        0x4 ./App/Src/task_A.o
                0x0000000020000010                pcTextForTask_A_WaitContinue
 .data.pcTextForTask_A_WaitMutex
                0x0000000020000014        0x4 ./App/Src/task_A.o
                0x0000000020000014                pcTextForTask_A_WaitMutex
 .data.pcTextForTask_A_SignalMutex
                0x0000000020000018        0x4 ./App/Src/task_A.o
                0x0000000020000018                pcTextForTask_A_SignalMutex
 .data.pcTextForTask_B
                0x000000002000001c        0x4 ./App/Src/task_B.o
                0x000000002000001c                pcTextForTask_B
 .data.pcTextForTask_B_lTasksCnt
                0x0000000020000020        0x4 ./App/Src/task_B.o
                0x0000000020000020                pcTextForTask_B_lTasksCnt
 .data.pcTextForTask_B_WaitExit
                0x0000000020000024        0x4 ./App/Src/task_B.o
                0x0000000020000024                pcTextForTask_B_WaitExit
 .data.pcTextForTask_B_SignalContinue
                0x0000000020000028        0x4 ./App/Src/task_B.o
                0x0000000020000028                pcTextForTask_B_SignalContinue
 .data.pcTextForTask_B_WaitMutex
                0x000000002000002c        0x4 ./App/Src/task_B.o
                0x000000002000002c                pcTextForTask_B_WaitMutex
 .data.pcTextForTask_B_SignalMutex
                0x0000000020000030        0x4 ./App/Src/task_B.o
                0x0000000020000030                pcTextForTask_B_SignalMutex
 .data.pcTextForTask_Test
                0x0000000020000034        0x4 ./App/Src/task_Test.o
                0x0000000020000034                pcTextForTask_Test
 .data.pcTextForTask_Test_TEST_X
                0x0000000020000038        0x4 ./App/Src/task_Test.o
                0x0000000020000038                pcTextForTask_Test_TEST_X
 .data.pcTextForTask_Test_priority
                0x000000002000003c        0x4 ./App/Src/task_Test.o
                0x000000002000003c                pcTextForTask_Test_priority
 .data.pcTextForTask_Test_eTask_TestArrayIndex
                0x0000000020000040        0x4 ./App/Src/task_Test.o
                0x0000000020000040                pcTextForTask_Test_eTask_TestArrayIndex
 .data.pcTextForTask_Test_SignalEntry
                0x0000000020000044        0x4 ./App/Src/task_Test.o
                0x0000000020000044                pcTextForTask_Test_SignalEntry
 .data.pcTextForTask_Test_SignalExit
                0x0000000020000048        0x4 ./App/Src/task_Test.o
                0x0000000020000048                pcTextForTask_Test_SignalExit
 .data.pcTextForTask_Test_SignalError
                0x000000002000004c        0x4 ./App/Src/task_Test.o
                0x000000002000004c                pcTextForTask_Test_SignalError
 .data.pcTextForTask_Test_Wait5000mS
                0x0000000020000050        0x4 ./App/Src/task_Test.o
                0x0000000020000050                pcTextForTask_Test_Wait5000mS
 .data.SystemCoreClock
                0x0000000020000054        0x4 ./Core/Src/system_stm32f4xx.o
                0x0000000020000054                SystemCoreClock
 .data.uwTickPrio
                0x0000000020000058        0x4 ./Drivers/STM32F4xx_HAL_Driver/Src/stm32f4xx_hal.o
                0x0000000020000058                uwTickPrio
 .data.uwTickFreq
                0x000000002000005c        0x1 ./Drivers/STM32F4xx_HAL_Driver/Src/stm32f4xx_hal.o
                0x000000002000005c                uwTickFreq
 *fill*         0x000000002000005d        0x3 
 .data.uxCriticalNesting
                0x0000000020000060        0x4 ./Middlewares/Third_Party/FreeRTOS/Source/portable/GCC/ARM_CM4F/port.o
 .data.__sglue  0x0000000020000064        0xc C:/ST/STM32CubeIDE_1.13.1/STM32CubeIDE/plugins/com.st.stm32cube.ide.mcu.externaltools.gnu-tools-for-stm32.11.3.rel1.win32_1.1.0.202305231506/tools/bin/../lib/gcc/arm-none-eabi/11.3.1/../../../../arm-none-eabi/lib/thumb/v7e-m+fp/hard\libc_nano.a(libc_a-findfp.o)
                0x0000000020000064                __sglue
 .data._impure_data
                0x0000000020000070       0x4c C:/ST/STM32CubeIDE_1.13.1/STM32CubeIDE/plugins/com.st.stm32cube.ide.mcu.externaltools.gnu-tools-for-stm32.11.3.rel1.win32_1.1.0.202305231506/tools/bin/../lib/gcc/arm-none-eabi/11.3.1/../../../../arm-none-eabi/lib/thumb/v7e-m+fp/hard\libc_nano.a(libc_a-impure.o)
                0x0000000020000070                _impure_data
 .data._impure_ptr
                0x00000000200000bc        0x4 C:/ST/STM32CubeIDE_1.13.1/STM32CubeIDE/plugins/com.st.stm32cube.ide.mcu.externaltools.gnu-tools-for-stm32.11.3.rel1.win32_1.1.0.202305231506/tools/bin/../lib/gcc/arm-none-eabi/11.3.1/../../../../arm-none-eabi/lib/thumb/v7e-m+fp/hard\libc_nano.a(libc_a-impure.o)
                0x00000000200000bc                _impure_ptr
 *(.RamFunc)
 *(.RamFunc*)
                0x00000000200000c0                . = ALIGN (0x4)
                0x00000000200000c0                _edata = .

.igot.plt       0x00000000200000c0        0x0 load address 0x0000000008007190
 .igot.plt      0x00000000200000c0        0x0 C:/ST/STM32CubeIDE_1.13.1/STM32CubeIDE/plugins/com.st.stm32cube.ide.mcu.externaltools.gnu-tools-for-stm32.11.3.rel1.win32_1.1.0.202305231506/tools/bin/../lib/gcc/arm-none-eabi/11.3.1/thumb/v7e-m+fp/hard/crtbegin.o
                0x00000000200000c0                . = ALIGN (0x4)

.bss            0x00000000200000c0     0x42c4 load address 0x0000000008007190
                0x00000000200000c0                _sbss = .
                0x00000000200000c0                __bss_start__ = _sbss
 *(.bss)
 .bss           0x00000000200000c0       0x1c C:/ST/STM32CubeIDE_1.13.1/STM32CubeIDE/plugins/com.st.stm32cube.ide.mcu.externaltools.gnu-tools-for-stm32.11.3.rel1.win32_1.1.0.202305231506/tools/bin/../lib/gcc/arm-none-eabi/11.3.1/thumb/v7e-m+fp/hard/crtbegin.o
 *(.bss*)
 .bss.xBinarySemaphoreEntry
                0x00000000200000dc        0x4 ./App/Src/app.o
                0x00000000200000dc                xBinarySemaphoreEntry
 .bss.xBinarySemaphoreExit
                0x00000000200000e0        0x4 ./App/Src/app.o
                0x00000000200000e0                xBinarySemaphoreExit
 .bss.xBinarySemaphoreContinue
                0x00000000200000e4        0x4 ./App/Src/app.o
                0x00000000200000e4                xBinarySemaphoreContinue
 .bss.xCountingSemaphoreContinue
                0x00000000200000e8        0x4 ./App/Src/app.o
                0x00000000200000e8                xCountingSemaphoreContinue
 .bss.xMutex    0x00000000200000ec        0x4 ./App/Src/app.o
                0x00000000200000ec                xMutex
 .bss.vTask_AHandle
                0x00000000200000f0        0x4 ./App/Src/app.o
                0x00000000200000f0                vTask_AHandle
 .bss.vTask_BHandle
                0x00000000200000f4        0x4 ./App/Src/app.o
                0x00000000200000f4                vTask_BHandle
 .bss.vTask_TestHandle
                0x00000000200000f8        0x4 ./App/Src/app.o
                0x00000000200000f8                vTask_TestHandle
 .bss.lTasksCnt
                0x00000000200000fc        0x4 ./App/Src/app.o
                0x00000000200000fc                lTasksCnt
 .bss.lTask_AFlag
                0x0000000020000100        0x4 ./App/Src/task_A.o
                0x0000000020000100                lTask_AFlag
 .bss.lTask_BFlag
                0x0000000020000104        0x4 ./App/Src/task_B.o
                0x0000000020000104                lTask_BFlag
 .bss.xIdleTaskTCBBuffer
                0x0000000020000108       0xb0 ./Core/Src/freertos.o
 .bss.xIdleStack
                0x00000000200001b8      0x200 ./Core/Src/freertos.o
 .bss.htim2     0x00000000200003b8       0x48 ./Core/Src/main.o
                0x00000000200003b8                htim2
 .bss.huart2    0x0000000020000400       0x44 ./Core/Src/main.o
                0x0000000020000400                huart2
 .bss.defaultTaskHandle
                0x0000000020000444        0x4 ./Core/Src/main.o
                0x0000000020000444                defaultTaskHandle
 .bss.ulHighFrequencyTimerTicks
                0x0000000020000448        0x4 ./Core/Src/main.o
                0x0000000020000448                ulHighFrequencyTimerTicks
 .bss.htim1     0x000000002000044c       0x48 ./Core/Src/stm32f4xx_hal_timebase_tim.o
                0x000000002000044c                htim1
 .bss.__sbrk_heap_end
                0x0000000020000494        0x4 ./Core/Src/sysmem.o
 .bss.uwTick    0x0000000020000498        0x4 ./Drivers/STM32F4xx_HAL_Driver/Src/stm32f4xx_hal.o
                0x0000000020000498                uwTick
 .bss.xQueueRegistry
                0x000000002000049c       0x40 ./Middlewares/Third_Party/FreeRTOS/Source/queue.o
                0x000000002000049c                xQueueRegistry
 .bss.pxCurrentTCB
                0x00000000200004dc        0x4 ./Middlewares/Third_Party/FreeRTOS/Source/tasks.o
                0x00000000200004dc                pxCurrentTCB
 .bss.pxReadyTasksLists
                0x00000000200004e0       0x8c ./Middlewares/Third_Party/FreeRTOS/Source/tasks.o
 .bss.xDelayedTaskList1
                0x000000002000056c       0x14 ./Middlewares/Third_Party/FreeRTOS/Source/tasks.o
 .bss.xDelayedTaskList2
                0x0000000020000580       0x14 ./Middlewares/Third_Party/FreeRTOS/Source/tasks.o
 .bss.pxDelayedTaskList
                0x0000000020000594        0x4 ./Middlewares/Third_Party/FreeRTOS/Source/tasks.o
 .bss.pxOverflowDelayedTaskList
                0x0000000020000598        0x4 ./Middlewares/Third_Party/FreeRTOS/Source/tasks.o
 .bss.xPendingReadyList
                0x000000002000059c       0x14 ./Middlewares/Third_Party/FreeRTOS/Source/tasks.o
 .bss.xTasksWaitingTermination
                0x00000000200005b0       0x14 ./Middlewares/Third_Party/FreeRTOS/Source/tasks.o
 .bss.uxDeletedTasksWaitingCleanUp
                0x00000000200005c4        0x4 ./Middlewares/Third_Party/FreeRTOS/Source/tasks.o
 .bss.xSuspendedTaskList
                0x00000000200005c8       0x14 ./Middlewares/Third_Party/FreeRTOS/Source/tasks.o
 .bss.uxCurrentNumberOfTasks
                0x00000000200005dc        0x4 ./Middlewares/Third_Party/FreeRTOS/Source/tasks.o
 .bss.xTickCount
                0x00000000200005e0        0x4 ./Middlewares/Third_Party/FreeRTOS/Source/tasks.o
 .bss.uxTopReadyPriority
                0x00000000200005e4        0x4 ./Middlewares/Third_Party/FreeRTOS/Source/tasks.o
 .bss.xSchedulerRunning
                0x00000000200005e8        0x4 ./Middlewares/Third_Party/FreeRTOS/Source/tasks.o
 .bss.xPendedTicks
                0x00000000200005ec        0x4 ./Middlewares/Third_Party/FreeRTOS/Source/tasks.o
 .bss.xYieldPending
                0x00000000200005f0        0x4 ./Middlewares/Third_Party/FreeRTOS/Source/tasks.o
 .bss.xNumOfOverflows
                0x00000000200005f4        0x4 ./Middlewares/Third_Party/FreeRTOS/Source/tasks.o
 .bss.uxTaskNumber
                0x00000000200005f8        0x4 ./Middlewares/Third_Party/FreeRTOS/Source/tasks.o
 .bss.xNextTaskUnblockTime
                0x00000000200005fc        0x4 ./Middlewares/Third_Party/FreeRTOS/Source/tasks.o
 .bss.xIdleTaskHandle
                0x0000000020000600        0x4 ./Middlewares/Third_Party/FreeRTOS/Source/tasks.o
 .bss.uxSchedulerSuspended
                0x0000000020000604        0x4 ./Middlewares/Third_Party/FreeRTOS/Source/tasks.o
 .bss.ulTaskSwitchedInTime
                0x0000000020000608        0x4 ./Middlewares/Third_Party/FreeRTOS/Source/tasks.o
 .bss.ulTotalRunTime
                0x000000002000060c        0x4 ./Middlewares/Third_Party/FreeRTOS/Source/tasks.o
 .bss.ucMaxSysCallPriority
                0x0000000020000610        0x1 ./Middlewares/Third_Party/FreeRTOS/Source/portable/GCC/ARM_CM4F/port.o
 *fill*         0x0000000020000611        0x3 
 .bss.ulMaxPRIGROUPValue
                0x0000000020000614        0x4 ./Middlewares/Third_Party/FreeRTOS/Source/portable/GCC/ARM_CM4F/port.o
 .bss.ucHeap    0x0000000020000618     0x3c00 ./Middlewares/Third_Party/FreeRTOS/Source/portable/MemMang/heap_4.o
 .bss.xStart    0x0000000020004218        0x8 ./Middlewares/Third_Party/FreeRTOS/Source/portable/MemMang/heap_4.o
 .bss.pxEnd     0x0000000020004220        0x4 ./Middlewares/Third_Party/FreeRTOS/Source/portable/MemMang/heap_4.o
 .bss.xFreeBytesRemaining
                0x0000000020004224        0x4 ./Middlewares/Third_Party/FreeRTOS/Source/portable/MemMang/heap_4.o
 .bss.xMinimumEverFreeBytesRemaining
                0x0000000020004228        0x4 ./Middlewares/Third_Party/FreeRTOS/Source/portable/MemMang/heap_4.o
 .bss.xNumberOfSuccessfulAllocations
                0x000000002000422c        0x4 ./Middlewares/Third_Party/FreeRTOS/Source/portable/MemMang/heap_4.o
 .bss.xNumberOfSuccessfulFrees
                0x0000000020004230        0x4 ./Middlewares/Third_Party/FreeRTOS/Source/portable/MemMang/heap_4.o
 .bss.xBlockAllocatedBit
                0x0000000020004234        0x4 ./Middlewares/Third_Party/FreeRTOS/Source/portable/MemMang/heap_4.o
 .bss.__sf      0x0000000020004238      0x138 C:/ST/STM32CubeIDE_1.13.1/STM32CubeIDE/plugins/com.st.stm32cube.ide.mcu.externaltools.gnu-tools-for-stm32.11.3.rel1.win32_1.1.0.202305231506/tools/bin/../lib/gcc/arm-none-eabi/11.3.1/../../../../arm-none-eabi/lib/thumb/v7e-m+fp/hard\libc_nano.a(libc_a-findfp.o)
                0x0000000020004238                __sf
 .bss.__stdio_exit_handler
                0x0000000020004370        0x4 C:/ST/STM32CubeIDE_1.13.1/STM32CubeIDE/plugins/com.st.stm32cube.ide.mcu.externaltools.gnu-tools-for-stm32.11.3.rel1.win32_1.1.0.202305231506/tools/bin/../lib/gcc/arm-none-eabi/11.3.1/../../../../arm-none-eabi/lib/thumb/v7e-m+fp/hard\libc_nano.a(libc_a-findfp.o)
                0x0000000020004370                __stdio_exit_handler
 .bss.errno     0x0000000020004374        0x4 C:/ST/STM32CubeIDE_1.13.1/STM32CubeIDE/plugins/com.st.stm32cube.ide.mcu.externaltools.gnu-tools-for-stm32.11.3.rel1.win32_1.1.0.202305231506/tools/bin/../lib/gcc/arm-none-eabi/11.3.1/../../../../arm-none-eabi/lib/thumb/v7e-m+fp/hard\libc_nano.a(libc_a-reent.o)
                0x0000000020004374                errno
 .bss.__lock___malloc_recursive_mutex
                0x0000000020004378        0x1 C:/ST/STM32CubeIDE_1.13.1/STM32CubeIDE/plugins/com.st.stm32cube.ide.mcu.externaltools.gnu-tools-for-stm32.11.3.rel1.win32_1.1.0.202305231506/tools/bin/../lib/gcc/arm-none-eabi/11.3.1/../../../../arm-none-eabi/lib/thumb/v7e-m+fp/hard\libc_nano.a(libc_a-lock.o)
                0x0000000020004378                __lock___malloc_recursive_mutex
 .bss.__lock___sfp_recursive_mutex
                0x0000000020004379        0x1 C:/ST/STM32CubeIDE_1.13.1/STM32CubeIDE/plugins/com.st.stm32cube.ide.mcu.externaltools.gnu-tools-for-stm32.11.3.rel1.win32_1.1.0.202305231506/tools/bin/../lib/gcc/arm-none-eabi/11.3.1/../../../../arm-none-eabi/lib/thumb/v7e-m+fp/hard\libc_nano.a(libc_a-lock.o)
                0x0000000020004379                __lock___sfp_recursive_mutex
 *fill*         0x000000002000437a        0x2 
 .bss.__malloc_free_list
                0x000000002000437c        0x4 C:/ST/STM32CubeIDE_1.13.1/STM32CubeIDE/plugins/com.st.stm32cube.ide.mcu.externaltools.gnu-tools-for-stm32.11.3.rel1.win32_1.1.0.202305231506/tools/bin/../lib/gcc/arm-none-eabi/11.3.1/../../../../arm-none-eabi/lib/thumb/v7e-m+fp/hard\libc_nano.a(libc_a-mallocr.o)
                0x000000002000437c                __malloc_free_list
 .bss.__malloc_sbrk_start
                0x0000000020004380        0x4 C:/ST/STM32CubeIDE_1.13.1/STM32CubeIDE/plugins/com.st.stm32cube.ide.mcu.externaltools.gnu-tools-for-stm32.11.3.rel1.win32_1.1.0.202305231506/tools/bin/../lib/gcc/arm-none-eabi/11.3.1/../../../../arm-none-eabi/lib/thumb/v7e-m+fp/hard\libc_nano.a(libc_a-mallocr.o)
                0x0000000020004380                __malloc_sbrk_start
 *(COMMON)
                0x0000000020004384                . = ALIGN (0x4)
                0x0000000020004384                _ebss = .
                0x0000000020004384                __bss_end__ = _ebss

._user_heap_stack
                0x0000000020004384      0x604 load address 0x0000000008007190
                0x0000000020004388                . = ALIGN (0x8)
 *fill*         0x0000000020004384        0x4 
                [!provide]                        PROVIDE (end = .)
                0x0000000020004388                PROVIDE (_end = .)
                0x0000000020004588                . = (. + _Min_Heap_Size)
 *fill*         0x0000000020004388      0x200 
                0x0000000020004988                . = (. + _Min_Stack_Size)
 *fill*         0x0000000020004588      0x400 
                0x0000000020004988                . = ALIGN (0x8)

/DISCARD/
 libc.a(*)
 libm.a(*)
 libgcc.a(*)

.ARM.attributes
                0x0000000000000000       0x30
 *(.ARM.attributes)
 .ARM.attributes
                0x0000000000000000       0x1e C:/ST/STM32CubeIDE_1.13.1/STM32CubeIDE/plugins/com.st.stm32cube.ide.mcu.externaltools.gnu-tools-for-stm32.11.3.rel1.win32_1.1.0.202305231506/tools/bin/../lib/gcc/arm-none-eabi/11.3.1/thumb/v7e-m+fp/hard/crti.o
 .ARM.attributes
                0x000000000000001e       0x34 C:/ST/STM32CubeIDE_1.13.1/STM32CubeIDE/plugins/com.st.stm32cube.ide.mcu.externaltools.gnu-tools-for-stm32.11.3.rel1.win32_1.1.0.202305231506/tools/bin/../lib/gcc/arm-none-eabi/11.3.1/thumb/v7e-m+fp/hard/crtbegin.o
 .ARM.attributes
                0x0000000000000052       0x34 ./App/Src/app.o
 .ARM.attributes
                0x0000000000000086       0x34 ./App/Src/task_A.o
 .ARM.attributes
                0x00000000000000ba       0x34 ./App/Src/task_B.o
 .ARM.attributes
                0x00000000000000ee       0x34 ./App/Src/task_Test.o
 .ARM.attributes
                0x0000000000000122       0x34 ./Core/Src/freertos.o
 .ARM.attributes
                0x0000000000000156       0x34 ./Core/Src/main.o
 .ARM.attributes
                0x000000000000018a       0x34 ./Core/Src/stm32f4xx_hal_msp.o
 .ARM.attributes
                0x00000000000001be       0x34 ./Core/Src/stm32f4xx_hal_timebase_tim.o
 .ARM.attributes
                0x00000000000001f2       0x34 ./Core/Src/stm32f4xx_it.o
 .ARM.attributes
                0x0000000000000226       0x34 ./Core/Src/syscalls.o
 .ARM.attributes
                0x000000000000025a       0x34 ./Core/Src/sysmem.o
 .ARM.attributes
                0x000000000000028e       0x34 ./Core/Src/system_stm32f4xx.o
 .ARM.attributes
                0x00000000000002c2       0x21 ./Core/Startup/startup_stm32f446retx.o
 .ARM.attributes
                0x00000000000002e3       0x34 ./Drivers/STM32F4xx_HAL_Driver/Src/stm32f4xx_hal.o
 .ARM.attributes
                0x0000000000000317       0x34 ./Drivers/STM32F4xx_HAL_Driver/Src/stm32f4xx_hal_cortex.o
 .ARM.attributes
                0x000000000000034b       0x34 ./Drivers/STM32F4xx_HAL_Driver/Src/stm32f4xx_hal_gpio.o
 .ARM.attributes
                0x000000000000037f       0x34 ./Drivers/STM32F4xx_HAL_Driver/Src/stm32f4xx_hal_rcc.o
 .ARM.attributes
                0x00000000000003b3       0x34 ./Drivers/STM32F4xx_HAL_Driver/Src/stm32f4xx_hal_rcc_ex.o
 .ARM.attributes
                0x00000000000003e7       0x34 ./Drivers/STM32F4xx_HAL_Driver/Src/stm32f4xx_hal_tim.o
 .ARM.attributes
                0x000000000000041b       0x34 ./Drivers/STM32F4xx_HAL_Driver/Src/stm32f4xx_hal_tim_ex.o
 .ARM.attributes
                0x000000000000044f       0x34 ./Drivers/STM32F4xx_HAL_Driver/Src/stm32f4xx_hal_uart.o
 .ARM.attributes
                0x0000000000000483       0x34 ./Middlewares/Third_Party/FreeRTOS/Source/CMSIS_RTOS/cmsis_os.o
 .ARM.attributes
                0x00000000000004b7       0x34 ./Middlewares/Third_Party/FreeRTOS/Source/list.o
 .ARM.attributes
                0x00000000000004eb       0x34 ./Middlewares/Third_Party/FreeRTOS/Source/queue.o
 .ARM.attributes
                0x000000000000051f       0x34 ./Middlewares/Third_Party/FreeRTOS/Source/tasks.o
 .ARM.attributes
                0x0000000000000553       0x34 ./Middlewares/Third_Party/FreeRTOS/Source/portable/GCC/ARM_CM4F/port.o
 .ARM.attributes
                0x0000000000000587       0x34 ./Middlewares/Third_Party/FreeRTOS/Source/portable/MemMang/heap_4.o
 .ARM.attributes
                0x00000000000005bb       0x34 ./Supporting_Functions/Src/supporting_Functions.o
 .ARM.attributes
                0x00000000000005ef       0x34 C:/ST/STM32CubeIDE_1.13.1/STM32CubeIDE/plugins/com.st.stm32cube.ide.mcu.externaltools.gnu-tools-for-stm32.11.3.rel1.win32_1.1.0.202305231506/tools/bin/../lib/gcc/arm-none-eabi/11.3.1/../../../../arm-none-eabi/lib/thumb/v7e-m+fp/hard\libc_nano.a(libc_a-fflush.o)
 .ARM.attributes
                0x0000000000000623       0x34 C:/ST/STM32CubeIDE_1.13.1/STM32CubeIDE/plugins/com.st.stm32cube.ide.mcu.externaltools.gnu-tools-for-stm32.11.3.rel1.win32_1.1.0.202305231506/tools/bin/../lib/gcc/arm-none-eabi/11.3.1/../../../../arm-none-eabi/lib/thumb/v7e-m+fp/hard\libc_nano.a(libc_a-findfp.o)
 .ARM.attributes
                0x0000000000000657       0x34 C:/ST/STM32CubeIDE_1.13.1/STM32CubeIDE/plugins/com.st.stm32cube.ide.mcu.externaltools.gnu-tools-for-stm32.11.3.rel1.win32_1.1.0.202305231506/tools/bin/../lib/gcc/arm-none-eabi/11.3.1/../../../../arm-none-eabi/lib/thumb/v7e-m+fp/hard\libc_nano.a(libc_a-fwalk.o)
 .ARM.attributes
                0x000000000000068b       0x34 C:/ST/STM32CubeIDE_1.13.1/STM32CubeIDE/plugins/com.st.stm32cube.ide.mcu.externaltools.gnu-tools-for-stm32.11.3.rel1.win32_1.1.0.202305231506/tools/bin/../lib/gcc/arm-none-eabi/11.3.1/../../../../arm-none-eabi/lib/thumb/v7e-m+fp/hard\libc_nano.a(libc_a-printf.o)
 .ARM.attributes
                0x00000000000006bf       0x34 C:/ST/STM32CubeIDE_1.13.1/STM32CubeIDE/plugins/com.st.stm32cube.ide.mcu.externaltools.gnu-tools-for-stm32.11.3.rel1.win32_1.1.0.202305231506/tools/bin/../lib/gcc/arm-none-eabi/11.3.1/../../../../arm-none-eabi/lib/thumb/v7e-m+fp/hard\libc_nano.a(libc_a-stdio.o)
 .ARM.attributes
                0x00000000000006f3       0x34 C:/ST/STM32CubeIDE_1.13.1/STM32CubeIDE/plugins/com.st.stm32cube.ide.mcu.externaltools.gnu-tools-for-stm32.11.3.rel1.win32_1.1.0.202305231506/tools/bin/../lib/gcc/arm-none-eabi/11.3.1/../../../../arm-none-eabi/lib/thumb/v7e-m+fp/hard\libc_nano.a(libc_a-memset.o)
 .ARM.attributes
                0x0000000000000727       0x34 C:/ST/STM32CubeIDE_1.13.1/STM32CubeIDE/plugins/com.st.stm32cube.ide.mcu.externaltools.gnu-tools-for-stm32.11.3.rel1.win32_1.1.0.202305231506/tools/bin/../lib/gcc/arm-none-eabi/11.3.1/../../../../arm-none-eabi/lib/thumb/v7e-m+fp/hard\libc_nano.a(libc_a-closer.o)
 .ARM.attributes
                0x000000000000075b       0x34 C:/ST/STM32CubeIDE_1.13.1/STM32CubeIDE/plugins/com.st.stm32cube.ide.mcu.externaltools.gnu-tools-for-stm32.11.3.rel1.win32_1.1.0.202305231506/tools/bin/../lib/gcc/arm-none-eabi/11.3.1/../../../../arm-none-eabi/lib/thumb/v7e-m+fp/hard\libc_nano.a(libc_a-reent.o)
 .ARM.attributes
                0x000000000000078f       0x34 C:/ST/STM32CubeIDE_1.13.1/STM32CubeIDE/plugins/com.st.stm32cube.ide.mcu.externaltools.gnu-tools-for-stm32.11.3.rel1.win32_1.1.0.202305231506/tools/bin/../lib/gcc/arm-none-eabi/11.3.1/../../../../arm-none-eabi/lib/thumb/v7e-m+fp/hard\libc_nano.a(libc_a-impure.o)
 .ARM.attributes
                0x00000000000007c3       0x34 C:/ST/STM32CubeIDE_1.13.1/STM32CubeIDE/plugins/com.st.stm32cube.ide.mcu.externaltools.gnu-tools-for-stm32.11.3.rel1.win32_1.1.0.202305231506/tools/bin/../lib/gcc/arm-none-eabi/11.3.1/../../../../arm-none-eabi/lib/thumb/v7e-m+fp/hard\libc_nano.a(libc_a-lseekr.o)
 .ARM.attributes
                0x00000000000007f7       0x34 C:/ST/STM32CubeIDE_1.13.1/STM32CubeIDE/plugins/com.st.stm32cube.ide.mcu.externaltools.gnu-tools-for-stm32.11.3.rel1.win32_1.1.0.202305231506/tools/bin/../lib/gcc/arm-none-eabi/11.3.1/../../../../arm-none-eabi/lib/thumb/v7e-m+fp/hard\libc_nano.a(libc_a-readr.o)
 .ARM.attributes
                0x000000000000082b       0x34 C:/ST/STM32CubeIDE_1.13.1/STM32CubeIDE/plugins/com.st.stm32cube.ide.mcu.externaltools.gnu-tools-for-stm32.11.3.rel1.win32_1.1.0.202305231506/tools/bin/../lib/gcc/arm-none-eabi/11.3.1/../../../../arm-none-eabi/lib/thumb/v7e-m+fp/hard\libc_nano.a(libc_a-writer.o)
 .ARM.attributes
                0x000000000000085f       0x34 C:/ST/STM32CubeIDE_1.13.1/STM32CubeIDE/plugins/com.st.stm32cube.ide.mcu.externaltools.gnu-tools-for-stm32.11.3.rel1.win32_1.1.0.202305231506/tools/bin/../lib/gcc/arm-none-eabi/11.3.1/../../../../arm-none-eabi/lib/thumb/v7e-m+fp/hard\libc_nano.a(libc_a-errno.o)
 .ARM.attributes
                0x0000000000000893       0x34 C:/ST/STM32CubeIDE_1.13.1/STM32CubeIDE/plugins/com.st.stm32cube.ide.mcu.externaltools.gnu-tools-for-stm32.11.3.rel1.win32_1.1.0.202305231506/tools/bin/../lib/gcc/arm-none-eabi/11.3.1/../../../../arm-none-eabi/lib/thumb/v7e-m+fp/hard\libc_nano.a(libc_a-init.o)
 .ARM.attributes
                0x00000000000008c7       0x34 C:/ST/STM32CubeIDE_1.13.1/STM32CubeIDE/plugins/com.st.stm32cube.ide.mcu.externaltools.gnu-tools-for-stm32.11.3.rel1.win32_1.1.0.202305231506/tools/bin/../lib/gcc/arm-none-eabi/11.3.1/../../../../arm-none-eabi/lib/thumb/v7e-m+fp/hard\libc_nano.a(libc_a-lock.o)
 .ARM.attributes
                0x00000000000008fb       0x34 C:/ST/STM32CubeIDE_1.13.1/STM32CubeIDE/plugins/com.st.stm32cube.ide.mcu.externaltools.gnu-tools-for-stm32.11.3.rel1.win32_1.1.0.202305231506/tools/bin/../lib/gcc/arm-none-eabi/11.3.1/../../../../arm-none-eabi/lib/thumb/v7e-m+fp/hard\libc_nano.a(libc_a-memcpy-stub.o)
 .ARM.attributes
                0x000000000000092f       0x34 C:/ST/STM32CubeIDE_1.13.1/STM32CubeIDE/plugins/com.st.stm32cube.ide.mcu.externaltools.gnu-tools-for-stm32.11.3.rel1.win32_1.1.0.202305231506/tools/bin/../lib/gcc/arm-none-eabi/11.3.1/../../../../arm-none-eabi/lib/thumb/v7e-m+fp/hard\libc_nano.a(libc_a-freer.o)
 .ARM.attributes
                0x0000000000000963       0x34 C:/ST/STM32CubeIDE_1.13.1/STM32CubeIDE/plugins/com.st.stm32cube.ide.mcu.externaltools.gnu-tools-for-stm32.11.3.rel1.win32_1.1.0.202305231506/tools/bin/../lib/gcc/arm-none-eabi/11.3.1/../../../../arm-none-eabi/lib/thumb/v7e-m+fp/hard\libc_nano.a(libc_a-mallocr.o)
 .ARM.attributes
                0x0000000000000997       0x34 C:/ST/STM32CubeIDE_1.13.1/STM32CubeIDE/plugins/com.st.stm32cube.ide.mcu.externaltools.gnu-tools-for-stm32.11.3.rel1.win32_1.1.0.202305231506/tools/bin/../lib/gcc/arm-none-eabi/11.3.1/../../../../arm-none-eabi/lib/thumb/v7e-m+fp/hard\libc_nano.a(libc_a-mlock.o)
 .ARM.attributes
                0x00000000000009cb       0x34 C:/ST/STM32CubeIDE_1.13.1/STM32CubeIDE/plugins/com.st.stm32cube.ide.mcu.externaltools.gnu-tools-for-stm32.11.3.rel1.win32_1.1.0.202305231506/tools/bin/../lib/gcc/arm-none-eabi/11.3.1/../../../../arm-none-eabi/lib/thumb/v7e-m+fp/hard\libc_nano.a(libc_a-nano-vfprintf.o)
 .ARM.attributes
                0x00000000000009ff       0x34 C:/ST/STM32CubeIDE_1.13.1/STM32CubeIDE/plugins/com.st.stm32cube.ide.mcu.externaltools.gnu-tools-for-stm32.11.3.rel1.win32_1.1.0.202305231506/tools/bin/../lib/gcc/arm-none-eabi/11.3.1/../../../../arm-none-eabi/lib/thumb/v7e-m+fp/hard\libc_nano.a(libc_a-nano-vfprintf_i.o)
 .ARM.attributes
                0x0000000000000a33       0x34 C:/ST/STM32CubeIDE_1.13.1/STM32CubeIDE/plugins/com.st.stm32cube.ide.mcu.externaltools.gnu-tools-for-stm32.11.3.rel1.win32_1.1.0.202305231506/tools/bin/../lib/gcc/arm-none-eabi/11.3.1/../../../../arm-none-eabi/lib/thumb/v7e-m+fp/hard\libc_nano.a(libc_a-wbuf.o)
 .ARM.attributes
                0x0000000000000a67       0x34 C:/ST/STM32CubeIDE_1.13.1/STM32CubeIDE/plugins/com.st.stm32cube.ide.mcu.externaltools.gnu-tools-for-stm32.11.3.rel1.win32_1.1.0.202305231506/tools/bin/../lib/gcc/arm-none-eabi/11.3.1/../../../../arm-none-eabi/lib/thumb/v7e-m+fp/hard\libc_nano.a(libc_a-wsetup.o)
 .ARM.attributes
                0x0000000000000a9b       0x34 C:/ST/STM32CubeIDE_1.13.1/STM32CubeIDE/plugins/com.st.stm32cube.ide.mcu.externaltools.gnu-tools-for-stm32.11.3.rel1.win32_1.1.0.202305231506/tools/bin/../lib/gcc/arm-none-eabi/11.3.1/../../../../arm-none-eabi/lib/thumb/v7e-m+fp/hard\libc_nano.a(libc_a-sbrkr.o)
 .ARM.attributes
                0x0000000000000acf       0x1c C:/ST/STM32CubeIDE_1.13.1/STM32CubeIDE/plugins/com.st.stm32cube.ide.mcu.externaltools.gnu-tools-for-stm32.11.3.rel1.win32_1.1.0.202305231506/tools/bin/../lib/gcc/arm-none-eabi/11.3.1/../../../../arm-none-eabi/lib/thumb/v7e-m+fp/hard\libc_nano.a(libc_a-memchr.o)
 .ARM.attributes
                0x0000000000000aeb       0x34 C:/ST/STM32CubeIDE_1.13.1/STM32CubeIDE/plugins/com.st.stm32cube.ide.mcu.externaltools.gnu-tools-for-stm32.11.3.rel1.win32_1.1.0.202305231506/tools/bin/../lib/gcc/arm-none-eabi/11.3.1/../../../../arm-none-eabi/lib/thumb/v7e-m+fp/hard\libc_nano.a(libc_a-makebuf.o)
 .ARM.attributes
                0x0000000000000b1f       0x34 C:/ST/STM32CubeIDE_1.13.1/STM32CubeIDE/plugins/com.st.stm32cube.ide.mcu.externaltools.gnu-tools-for-stm32.11.3.rel1.win32_1.1.0.202305231506/tools/bin/../lib/gcc/arm-none-eabi/11.3.1/../../../../arm-none-eabi/lib/thumb/v7e-m+fp/hard\libc_nano.a(libc_a-fstatr.o)
 .ARM.attributes